Built from '6000.0/staging' branch; Version is '6000.0.67f1 (78a1c2bbeb6a) revision 7905730'; Using compiler version '193933523'; Build Type 'Release'
OS: 'Windows 11  (10.0.26200) Core' Language: 'en' Physical Memory: 32576 MB
BatchMode: 1, IsHumanControllingUs: 0, StartBugReporterOnCrash: 0, Is64bit: 1
System  architecture: x64
Process architecture: x64
Date: 2026-04-08T15:38:41Z
[Licensing::Module] Trying to connect to existing licensing client channel...
[Licensing::IpcConnector] Successfully connected to: "LicenseClient-Christopher" at "2026-04-08T15:38:41.7387506Z"

COMMAND LINE ARGUMENTS:
C:\Program Files\Unity\Hub\Editor\6000.0.67f1\Editor\Unity.exe
-adb2
-batchMode
-noUpm
-name
AssetImportWorker19
-projectPath
C:/Users/Christopher/Documents/GitHub/GD-204-Realm-Defence/GD204
-logFile
Logs/AssetImportWorker19.log
-srvPort
58235
-licensingIpc
LicenseClient-Christopher
-job-worker-count
3
-background-job-worker-count
8
-gc-helper-count
1
-name
AssetImport
Successfully changed project path to: C:/Users/Christopher/Documents/GitHub/GD-204-Realm-Defence/GD204
C:/Users/Christopher/Documents/GitHub/GD-204-Realm-Defence/GD204
[UnityMemory] Configuration Parameters - Can be set up in boot.config
    "memorysetup-bucket-allocator-granularity=16"
    "memorysetup-bucket-allocator-bucket-count=8"
    "memorysetup-bucket-allocator-block-size=33554432"
    "memorysetup-bucket-allocator-block-count=8"
    "memorysetup-main-allocator-block-size=16777216"
    "memorysetup-thread-allocator-block-size=16777216"
    "memorysetup-gfx-main-allocator-block-size=16777216"
    "memorysetup-gfx-thread-allocator-block-size=16777216"
    "memorysetup-cache-allocator-block-size=4194304"
    "memorysetup-typetree-allocator-block-size=2097152"
    "memorysetup-profiler-bucket-allocator-granularity=16"
    "memorysetup-profiler-bucket-allocator-bucket-count=8"
    "memorysetup-profiler-bucket-allocator-block-size=33554432"
    "memorysetup-profiler-bucket-allocator-block-count=8"
    "memorysetup-profiler-allocator-block-size=16777216"
    "memorysetup-profiler-editor-allocator-block-size=1048576"
    "memorysetup-temp-allocator-size-main=16777216"
    "memorysetup-job-temp-allocator-block-size=2097152"
    "memorysetup-job-temp-allocator-block-size-background=1048576"
    "memorysetup-job-temp-allocator-reduction-small-platforms=262144"
    "memorysetup-allocator-temp-initial-block-size-main=262144"
    "memorysetup-allocator-temp-initial-block-size-worker=262144"
    "memorysetup-temp-allocator-size-background-worker=32768"
    "memorysetup-temp-allocator-size-job-worker=262144"
    "memorysetup-temp-allocator-size-preload-manager=33554432"
    "memorysetup-temp-allocator-size-nav-mesh-worker=65536"
    "memorysetup-temp-allocator-size-audio-worker=65536"
    "memorysetup-temp-allocator-size-cloud-worker=32768"
    "memorysetup-temp-allocator-size-gi-baking-worker=262144"
    "memorysetup-temp-allocator-size-gi-baking-worker=262144"
    "memorysetup-temp-allocator-size-gi-baking-worker=262144"
    "memorysetup-temp-allocator-size-gi-baking-worker=262144"
    "memorysetup-temp-allocator-size-gi-baking-worker=262144"
    "memorysetup-temp-allocator-size-gfx=262144"
Player connection [26104]  Target information:

Player connection [26104]  * "[IP] 192.168.0.28 [Port] 0 [Flags] 2 [Guid] 2160352673 [EditorId] 2160352673 [Version] 1048832 [Id] WindowsEditor(7,DESKTOP-LQ8G75C) [Debug] 1 [PackageName] WindowsEditor [ProjectName] Editor" 

Player connection [26104] Host joined multi-casting on [225.0.0.222:54997]...
Player connection [26104] Host joined alternative multi-casting on [225.0.0.222:34997]...
JobSystem: Creating JobQueue using job-worker-count value 3
Input System module state changed to: Initialized.
[Physics::Module] Initialized fallback backend.
[Physics::Module] Id: 0xdecafbad
Library Redirect Path: Library/
[Physics::Module] Selected backend.
[Physics::Module] Name: PhysX
[Physics::Module] Id: 0xf2b8ea05
[Physics::Module] SDK Version: 4.1.2
[Physics::Module] Integration Version: 1.0.0
[Physics::Module] Threading Mode: Multi-Threaded
Refreshing native plugins compatible for Editor in 15.60 ms, found 4 plugins.
Preloading 0 native plugins for Editor in 0.00 ms.
Initialize engine version: 6000.0.67f1 (78a1c2bbeb6a)
[Subsystems] Discovering subsystems at path C:/Program Files/Unity/Hub/Editor/6000.0.67f1/Editor/Data/Resources/UnitySubsystems
[Subsystems] Discovering subsystems at path C:/Users/Christopher/Documents/GitHub/GD-204-Realm-Defence/GD204/Assets
GfxDevice: creating device client; kGfxThreadingModeNonThreaded
Direct3D:
    Version:  Direct3D 11.0 [level 11.1]
    Renderer: NVIDIA GeForce GTX 1050 (ID=0x1c8d)
    Vendor:   NVIDIA
    VRAM:     1976 MB
    Driver:   31.0.15.2892
Initialize mono
Mono path[0] = 'C:/Program Files/Unity/Hub/Editor/6000.0.67f1/Editor/Data/Managed'
Mono path[1] = 'C:/Program Files/Unity/Hub/Editor/6000.0.67f1/Editor/Data/MonoBleedingEdge/lib/mono/unityjit-win32'
Mono config path = 'C:/Program Files/Unity/Hub/Editor/6000.0.67f1/Editor/Data/MonoBleedingEdge/etc'
Using monoOptions --debugger-agent=transport=dt_socket,embedding=1,server=y,suspend=n,address=127.0.0.1:56536
Begin MonoManager ReloadAssembly
Registering precompiled unity dll's ...
Register platform support module: C:/Program Files/Unity/Hub/Editor/6000.0.67f1/Editor/Data/PlaybackEngines/WindowsStandaloneSupport/UnityEditor.WindowsStandalone.Extensions.dll
[Licensing::Module] Licensing is not yet initialized.
[Licensing::Client] Error: HandshakeResponse reported an error:
	ResponseCode: 505
	ResponseStatus: Unsupported protocol version '1.17.4'.
[Licensing::Module] Error: Failed to handshake to channel: "LicenseClient-Christopher"
[Licensing::IpcConnector] LicenseClient-Christopher channel disconnected successfully.
[Licensing::IpcConnector] Successfully connected to: "LicenseClient-Christopher-6000.0.67" at "2026-04-08T15:38:49.5391462Z"
[Licensing::Client] Handshaking with LicensingClient:
  Version:                 1.17.4+4293ba1
  Session Id:              6b7a722ff60e4c8582498b9adfde7008
  Correlation Id:          8c977d7a1d604454cd19cc69ff739d30
  External correlation Id: 8766275040019832479
  Machine Id:              f42wxjXMd78nslhwErrrxvRhX/E=
[Licensing::Module] Successfully connected to LicensingClient on channel: "LicenseClient-Christopher-6000.0.67" (connect: 0.00s, validation: 0.03s, handshake: 10.29s)
[Licensing::IpcConnector] Successfully connected to: "LicenseClient-Christopher-6000.0.67-notifications" at "2026-04-08T15:38:59.8610872Z"
[Licensing::Module] Licensing Background thread has ended after 18.13s
[Licensing::Module] Licensing is initialized (took 13.68s).
[Licensing::Client] Successfully resolved entitlement details
[Licensing::Module] License group:
  Id: 5773561097232-UnityPersXXXX
  Product: Unity Personal
  Type: Assigned
  Expiration: Unlimited
Register platform support module: C:/Program Files/Unity/Hub/Editor/6000.0.67f1/Editor/Data/PlaybackEngines/AndroidPlayer/UnityEditor.Android.Extensions.dll
Registered in 13.758648 seconds.
- Loaded All Assemblies, in 16.492 seconds
Native extension for Android target not found
Android Extension - Scanning For ADB Devices 2452 ms
Native extension for WindowsStandalone target not found
Mono: successfully reloaded assembly
- Finished resetting the current domain, in  5.860 seconds
Domain Reload Profiling: 22339ms
	BeginReloadAssembly (881ms)
		ExecutionOrderSort (0ms)
		DisableScriptedObjects (0ms)
		BackupInstance (0ms)
		ReleaseScriptingObjects (0ms)
		CreateAndSetChildDomain (2ms)
	RebuildCommonClasses (218ms)
	RebuildNativeTypeToScriptingClass (51ms)
	initialDomainReloadingComplete (14239ms)
	LoadAllAssembliesAndSetupDomain (1090ms)
		LoadAssemblies (874ms)
		RebuildTransferFunctionScriptingTraits (0ms)
		AnalyzeDomain (1075ms)
			TypeCache.Refresh (1069ms)
				TypeCache.ScanAssembly (999ms)
			BuildScriptInfoCaches (0ms)
			ResolveRequiredComponents (2ms)
	FinalizeReload (5861ms)
		ReleaseScriptCaches (0ms)
		RebuildScriptCaches (0ms)
		SetupLoadedEditorAssemblies (5537ms)
			LogAssemblyErrors (0ms)
			InitializePlatformSupportModulesInManaged (3283ms)
			SetLoadedEditorAssemblies (57ms)
			BeforeProcessingInitializeOnLoad (850ms)
			ProcessInitializeOnLoadAttributes (1147ms)
			ProcessInitializeOnLoadMethodAttributes (198ms)
			AfterProcessingInitializeOnLoad (0ms)
			EditorAssembliesLoaded (0ms)
		ExecutionOrderSort2 (0ms)
		AwakeInstancesAfterBackupRestoration (0ms)
========================================================================
Worker process is ready to serve import requests
Import Worker Mode flag is 0x00
Begin MonoManager ReloadAssembly
[Licensing::Client] Successfully resolved entitlement details
- Loaded All Assemblies, in  4.436 seconds
Refreshing native plugins compatible for Editor in 7.64 ms, found 4 plugins.
Native extension for Android target not found
Native extension for WindowsStandalone target not found
Package Manager log level set to [2]
[Package Manager] Failed to launch server process. Reason: Unity was launched with the -noUpm command-line argument
[Package Manager] Unable to send message (not connected to server process).
[Package Manager] Cannot connect to Unity Package Manager local server
Mono: successfully reloaded assembly
- Finished resetting the current domain, in  6.175 seconds
Domain Reload Profiling: 10594ms
	BeginReloadAssembly (764ms)
		ExecutionOrderSort (0ms)
		DisableScriptedObjects (27ms)
		BackupInstance (0ms)
		ReleaseScriptingObjects (0ms)
		CreateAndSetChildDomain (101ms)
	RebuildCommonClasses (161ms)
	RebuildNativeTypeToScriptingClass (59ms)
	initialDomainReloadingComplete (156ms)
	LoadAllAssembliesAndSetupDomain (3277ms)
		LoadAssemblies (1905ms)
		RebuildTransferFunctionScriptingTraits (0ms)
		AnalyzeDomain (1839ms)
			TypeCache.Refresh (1334ms)
				TypeCache.ScanAssembly (1275ms)
			BuildScriptInfoCaches (450ms)
			ResolveRequiredComponents (43ms)
	FinalizeReload (6177ms)
		ReleaseScriptCaches (0ms)
		RebuildScriptCaches (0ms)
		SetupLoadedEditorAssemblies (5521ms)
			LogAssemblyErrors (0ms)
			InitializePlatformSupportModulesInManaged (37ms)
			SetLoadedEditorAssemblies (71ms)
			BeforeProcessingInitializeOnLoad (1754ms)
			ProcessInitializeOnLoadAttributes (2929ms)
			ProcessInitializeOnLoadMethodAttributes (708ms)
			AfterProcessingInitializeOnLoad (22ms)
			EditorAssembliesLoaded (1ms)
		ExecutionOrderSort2 (0ms)
		AwakeInstancesAfterBackupRestoration (25ms)
Launched and connected shader compiler UnityShaderCompiler.exe after 0.12 seconds
Refreshing native plugins compatible for Editor in 31.70 ms, found 4 plugins.
Preloading 0 native plugins for Editor in 0.00 ms.
Unloading 13 Unused Serialized files (Serialized files now loaded: 0)
Unloading 6761 unused Assets / (3.1 MB). Loaded Objects now: 7484.
Memory consumption went from 141.8 MB to 138.7 MB.
Total: 90.855200 ms (FindLiveObjects: 6.120200 ms CreateObjectMapping: 7.857000 ms MarkObjects: 60.720300 ms  DeleteObjects: 16.155700 ms)

========================================================================
Received Prepare
Begin MonoManager ReloadAssembly
- Loaded All Assemblies, in  4.385 seconds
Refreshing native plugins compatible for Editor in 7.12 ms, found 4 plugins.
Native extension for Android target not found
Native extension for WindowsStandalone target not found
[Package Manager] Failed to launch server process. Reason: Unity was launched with the -noUpm command-line argument
[Package Manager] Unable to send message (not connected to server process).
[Package Manager] Cannot connect to Unity Package Manager local server
Mono: successfully reloaded assembly
- Finished resetting the current domain, in  4.528 seconds
Domain Reload Profiling: 8880ms
	BeginReloadAssembly (979ms)
		ExecutionOrderSort (0ms)
		DisableScriptedObjects (79ms)
		BackupInstance (0ms)
		ReleaseScriptingObjects (0ms)
		CreateAndSetChildDomain (194ms)
	RebuildCommonClasses (158ms)
	RebuildNativeTypeToScriptingClass (75ms)
	initialDomainReloadingComplete (128ms)
	LoadAllAssembliesAndSetupDomain (3009ms)
		LoadAssemblies (2211ms)
		RebuildTransferFunctionScriptingTraits (0ms)
		AnalyzeDomain (1209ms)
			TypeCache.Refresh (20ms)
				TypeCache.ScanAssembly (0ms)
			BuildScriptInfoCaches (1131ms)
			ResolveRequiredComponents (45ms)
	FinalizeReload (4530ms)
		ReleaseScriptCaches (0ms)
		RebuildScriptCaches (0ms)
		SetupLoadedEditorAssemblies (3445ms)
			LogAssemblyErrors (0ms)
			InitializePlatformSupportModulesInManaged (37ms)
			SetLoadedEditorAssemblies (50ms)
			BeforeProcessingInitializeOnLoad (1172ms)
			ProcessInitializeOnLoadAttributes (1935ms)
			ProcessInitializeOnLoadMethodAttributes (231ms)
			AfterProcessingInitializeOnLoad (18ms)
			EditorAssembliesLoaded (1ms)
		ExecutionOrderSort2 (0ms)
		AwakeInstancesAfterBackupRestoration (44ms)
Refreshing native plugins compatible for Editor in 5.74 ms, found 4 plugins.
Preloading 0 native plugins for Editor in 0.00 ms.
Unloading 13 Unused Serialized files (Serialized files now loaded: 0)
Unloading 6759 unused Assets / (6.0 MB). Loaded Objects now: 7488.
Memory consumption went from 142.8 MB to 136.9 MB.
Total: 54.747000 ms (FindLiveObjects: 1.397500 ms CreateObjectMapping: 4.338300 ms MarkObjects: 24.806900 ms  DeleteObjects: 24.202800 ms)

Prepare: number of updated asset objects reloaded= 0
========================================================================
Received Import Request.
  Time since last request: 2037.317570 seconds.
  path: Assets/Artwork/Realm Defence - Castle Wall Very Cracked.png
  artifactKey: Guid(e76e6917a48eae04aa89fd2df668329c) Importer(2089858483,192608db42251d675da83286b1cce702)
Start importing Assets/Artwork/Realm Defence - Castle Wall Very Cracked.png using Guid(e76e6917a48eae04aa89fd2df668329c) Importer(2089858483,192608db42251d675da83286b1cce702) (ScriptedImporter)[Licensing::Client] Successfully resolved entitlement details
 -> (artifact id: 'f7a12e12f8d3db0f63c5dd9cb777311d') in 2.383859 seconds
Number of updated asset objects reloaded before import = 0Number of asset objects unloaded after import = 3

========================================================================
Received Import Request.
  Time since last request: 0.000046 seconds.
  path: Assets/Scripts/DamageIndicator.cs
  artifactKey: Guid(513d4f9ac13a3554192057877cf61b1e) Importer(2089858483,192608db42251d675da83286b1cce702)
Start importing Assets/Scripts/DamageIndicator.cs using Guid(513d4f9ac13a3554192057877cf61b1e) Importer(2089858483,192608db42251d675da83286b1cce702) (ScriptedImporter) -> (artifact id: '74e95109aa673fe06c10d127a23e0c09') in 0.0486483 seconds
Number of updated asset objects reloaded before import = 0Number of asset objects unloaded after import = 0

========================================================================
Received Import Request.
  Time since last request: 0.000075 seconds.
  path: Assets/Artwork/UI/Realm Defence - Castle Health - Critical.png
  artifactKey: Guid(d4662b0e58a8118458e0fd653b3a4a2f) Importer(2089858483,192608db42251d675da83286b1cce702)
Start importing Assets/Artwork/UI/Realm Defence - Castle Health - Critical.png using Guid(d4662b0e58a8118458e0fd653b3a4a2f) Importer(2089858483,192608db42251d675da83286b1cce702) (ScriptedImporter) -> (artifact id: '20e1f400705928b82658b2a0ab9d7f42') in 0.1862481 seconds
Number of updated asset objects reloaded before import = 0Number of asset objects unloaded after import = 3

========================================================================
Received Import Request.
  Time since last request: 0.000031 seconds.
  path: Assets/Artwork/UI/Realm Defence - Units Button - Inactive.png
  artifactKey: Guid(d8928ff57b88b9042a3385a7ecb8c096) Importer(2089858483,192608db42251d675da83286b1cce702)
Start importing Assets/Artwork/UI/Realm Defence - Units Button - Inactive.png using Guid(d8928ff57b88b9042a3385a7ecb8c096) Importer(2089858483,192608db42251d675da83286b1cce702) (ScriptedImporter) -> (artifact id: 'e727a8850edba41b58e8e97945751e05') in 0.216889 seconds
Number of updated asset objects reloaded before import = 0Number of asset objects unloaded after import = 3

========================================================================
Received Import Request.
  Time since last request: 0.000042 seconds.
  path: Assets/Plaaceholders/5859499.png
  artifactKey: Guid(0219728420c762544bdfc7681cd1e6e5) Importer(2089858483,192608db42251d675da83286b1cce702)
Start importing Assets/Plaaceholders/5859499.png using Guid(0219728420c762544bdfc7681cd1e6e5) Importer(2089858483,192608db42251d675da83286b1cce702) (ScriptedImporter) -> (artifact id: 'dce5ee904e5404a2367eb8bc39119bfb') in 0.3320299 seconds
Number of updated asset objects reloaded before import = 0Number of asset objects unloaded after import = 3

========================================================================
Received Import Request.
  Time since last request: 0.000034 seconds.
  path: Assets/Settings/TextMesh Pro/Fonts/LiberationSans - OFL.txt
  artifactKey: Guid(6e59c59b81ab47f9b6ec5781fa725d2c) Importer(2089858483,192608db42251d675da83286b1cce702)
Start importing Assets/Settings/TextMesh Pro/Fonts/LiberationSans - OFL.txt using Guid(6e59c59b81ab47f9b6ec5781fa725d2c) Importer(2089858483,192608db42251d675da83286b1cce702) (ScriptedImporter) -> (artifact id: '6359a3082a9110a6e34e9f67b2f4ad2d') in 0.0855081 seconds
Number of updated asset objects reloaded before import = 0Number of asset objects unloaded after import = 1

========================================================================
Received Import Request.
  Time since last request: 0.000041 seconds.
  path: Assets/Scripts/LevelManager.cs
  artifactKey: Guid(7fc6e0229f244e040b29d257ff5ec6cb) Importer(2089858483,192608db42251d675da83286b1cce702)
Start importing Assets/Scripts/LevelManager.cs using Guid(7fc6e0229f244e040b29d257ff5ec6cb) Importer(2089858483,192608db42251d675da83286b1cce702) (ScriptedImporter) -> (artifact id: '45d75093f66b31761aa47ff06eb24a6e') in 0.0693947 seconds
Number of updated asset objects reloaded before import = 0Number of asset objects unloaded after import = 0

========================================================================
Received Import Request.
  Time since last request: 0.000028 seconds.
  path: Assets/Artwork/UI/Realm Defence - Fire Status Effect.png
  artifactKey: Guid(3620fdd6173ab324487b1c2041a19547) Importer(2089858483,192608db42251d675da83286b1cce702)
Start importing Assets/Artwork/UI/Realm Defence - Fire Status Effect.png using Guid(3620fdd6173ab324487b1c2041a19547) Importer(2089858483,192608db42251d675da83286b1cce702) (ScriptedImporter) -> (artifact id: '32312d581db69338108925b96b2fd999') in 0.1339718 seconds
Number of updated asset objects reloaded before import = 0Number of asset objects unloaded after import = 3

========================================================================
Received Import Request.
  Time since last request: 0.000037 seconds.
  path: Assets/Settings/TextMesh Pro/Shaders/TMP_SDF-Surface-Mobile.shader
  artifactKey: Guid(85187c2149c549c5b33f0cdb02836b17) Importer(2089858483,192608db42251d675da83286b1cce702)
Start importing Assets/Settings/TextMesh Pro/Shaders/TMP_SDF-Surface-Mobile.shader using Guid(85187c2149c549c5b33f0cdb02836b17) Importer(2089858483,192608db42251d675da83286b1cce702) (ScriptedImporter) -> (artifact id: '2feccf550fe25dbca7ed543c75ed727d') in 0.0870019 seconds
Number of updated asset objects reloaded before import = 0Number of asset objects unloaded after import = 1

========================================================================
Received Import Request.
  Time since last request: 0.000044 seconds.
  path: Assets/Plaaceholders/base bullet.png
  artifactKey: Guid(fd1ec52b59735d148a03d0924410dac1) Importer(2089858483,192608db42251d675da83286b1cce702)
Start importing Assets/Plaaceholders/base bullet.png using Guid(fd1ec52b59735d148a03d0924410dac1) Importer(2089858483,192608db42251d675da83286b1cce702) (ScriptedImporter) -> (artifact id: '93bd53c380024a6a0c92a39875482411') in 0.10402 seconds
Number of updated asset objects reloaded before import = 0Number of asset objects unloaded after import = 3

========================================================================
Received Import Request.
  Time since last request: 0.000031 seconds.
  path: Assets/Artwork/Start Screen.png
  artifactKey: Guid(2d2b1a81dc8a68c4c8db09677365137a) Importer(2089858483,192608db42251d675da83286b1cce702)
Start importing Assets/Artwork/Start Screen.png using Guid(2d2b1a81dc8a68c4c8db09677365137a) Importer(2089858483,192608db42251d675da83286b1cce702) (ScriptedImporter) -> (artifact id: '659a716d6ea8c9d32935cde30d26261a') in 0.1565683 seconds
Number of updated asset objects reloaded before import = 0Number of asset objects unloaded after import = 3

========================================================================
Received Import Request.
  Time since last request: 0.000043 seconds.
  path: Assets/Settings/TextMesh Pro/Resources/LineBreaking Leading Characters.txt
  artifactKey: Guid(d82c1b31c7e74239bff1220585707d2b) Importer(2089858483,192608db42251d675da83286b1cce702)
Start importing Assets/Settings/TextMesh Pro/Resources/LineBreaking Leading Characters.txt using Guid(d82c1b31c7e74239bff1220585707d2b) Importer(2089858483,192608db42251d675da83286b1cce702) (ScriptedImporter) -> (artifact id: '2eab163487e73b32ee33f89220c6afa0') in 0.0329515 seconds
Number of updated asset objects reloaded before import = 0Number of asset objects unloaded after import = 1

========================================================================
Received Import Request.
  Time since last request: 0.000024 seconds.
  path: Assets/Artwork/UI/Realm Defence - Pause Button - Pressed.png
  artifactKey: Guid(067adc0cc94d92446a7e53a80c7bae12) Importer(2089858483,192608db42251d675da83286b1cce702)
Start importing Assets/Artwork/UI/Realm Defence - Pause Button - Pressed.png using Guid(067adc0cc94d92446a7e53a80c7bae12) Importer(2089858483,192608db42251d675da83286b1cce702) (ScriptedImporter) -> (artifact id: 'b009baf949ff391505d88d381f3a395e') in 0.1135035 seconds
Number of updated asset objects reloaded before import = 0Number of asset objects unloaded after import = 3

========================================================================
Received Import Request.
  Time since last request: 0.000036 seconds.
  path: Assets/Settings/TextMesh Pro/Shaders/TMPro_Mobile.cginc
  artifactKey: Guid(c334973cef89a9840b0b0c507e0377ab) Importer(2089858483,192608db42251d675da83286b1cce702)
Start importing Assets/Settings/TextMesh Pro/Shaders/TMPro_Mobile.cginc using Guid(c334973cef89a9840b0b0c507e0377ab) Importer(2089858483,192608db42251d675da83286b1cce702) (ScriptedImporter) -> (artifact id: '1bb76c20592b3dff028bfb80b9a7439f') in 0.0642037 seconds
Number of updated asset objects reloaded before import = 0Number of asset objects unloaded after import = 1

========================================================================
Received Import Request.
  Time since last request: 0.000040 seconds.
  path: Assets/Artwork/UI/Realm Defence - Standard Element.png
  artifactKey: Guid(50e915302124d43418891d1d102b26ac) Importer(2089858483,192608db42251d675da83286b1cce702)
Start importing Assets/Artwork/UI/Realm Defence - Standard Element.png using Guid(50e915302124d43418891d1d102b26ac) Importer(2089858483,192608db42251d675da83286b1cce702) (ScriptedImporter) -> (artifact id: '214ba3b317c482398691e7a90ad617c1') in 0.1091959 seconds
Number of updated asset objects reloaded before import = 0Number of asset objects unloaded after import = 3

========================================================================
Received Import Request.
  Time since last request: 0.000054 seconds.
  path: Assets/Prefabs/Healthbar.prefab
  artifactKey: Guid(49057708233a50e4b91231600dc8dbf8) Importer(2089858483,192608db42251d675da83286b1cce702)
Start importing Assets/Prefabs/Healthbar.prefab using Guid(49057708233a50e4b91231600dc8dbf8) Importer(2089858483,192608db42251d675da83286b1cce702) (ScriptedImporter) -> (artifact id: '2deb2e786d3299a11c99fb27164c1216') in 0.2582308 seconds
Number of updated asset objects reloaded before import = 0Number of asset objects unloaded after import = 18

========================================================================
Received Import Request.
  Time since last request: 0.000190 seconds.
  path: Assets/Settings/TextMesh Pro/Sprites/EmojiOne.json
  artifactKey: Guid(8f05276190cf498a8153f6cbe761d4e6) Importer(2089858483,192608db42251d675da83286b1cce702)
Start importing Assets/Settings/TextMesh Pro/Sprites/EmojiOne.json using Guid(8f05276190cf498a8153f6cbe761d4e6) Importer(2089858483,192608db42251d675da83286b1cce702) (ScriptedImporter) -> (artifact id: '1d5dbbb040b8bc696af002a630323da0') in 0.0373978 seconds
Number of updated asset objects reloaded before import = 0Number of asset objects unloaded after import = 1

========================================================================
Received Import Request.
  Time since last request: 0.000030 seconds.
  path: Assets/Settings/TextMesh Pro/Shaders/TMPro.cginc
  artifactKey: Guid(407bc68d299748449bbf7f48ee690f8d) Importer(2089858483,192608db42251d675da83286b1cce702)
Start importing Assets/Settings/TextMesh Pro/Shaders/TMPro.cginc using Guid(407bc68d299748449bbf7f48ee690f8d) Importer(2089858483,192608db42251d675da83286b1cce702) (ScriptedImporter) -> (artifact id: '4daa901038d149b0d040e75dceca381c') in 0.0311209 seconds
Number of updated asset objects reloaded before import = 0Number of asset objects unloaded after import = 1

========================================================================
Received Import Request.
  Time since last request: 0.000260 seconds.
  path: Assets/Artwork/UI/Realm Defence - Shop Button - Inactive.png
  artifactKey: Guid(0db068d0f5fd20747a7ff90e896b8ca6) Importer(2089858483,192608db42251d675da83286b1cce702)
Start importing Assets/Artwork/UI/Realm Defence - Shop Button - Inactive.png using Guid(0db068d0f5fd20747a7ff90e896b8ca6) Importer(2089858483,192608db42251d675da83286b1cce702) (ScriptedImporter) -> (artifact id: '8771a51eae9e8f7405338700c5a0928f') in 0.0734208 seconds
Number of updated asset objects reloaded before import = 0Number of asset objects unloaded after import = 3

========================================================================
Received Import Request.
  Time since last request: 0.000072 seconds.
  path: Assets/Plaaceholders/PlaceHolderEnemyScript.cs
  artifactKey: Guid(e49cbfd673019524d9ba1824e1afd1bc) Importer(2089858483,192608db42251d675da83286b1cce702)
Start importing Assets/Plaaceholders/PlaceHolderEnemyScript.cs using Guid(e49cbfd673019524d9ba1824e1afd1bc) Importer(2089858483,192608db42251d675da83286b1cce702) (ScriptedImporter) -> (artifact id: '87735244c8c675cc98cfeff15f4ca430') in 0.0628523 seconds
Number of updated asset objects reloaded before import = 0Number of asset objects unloaded after import = 0

========================================================================
Received Import Request.
  Time since last request: 0.000031 seconds.
  path: Assets/Scripts/LevelTimer.cs
  artifactKey: Guid(0f436d41cbd603843941aea1b0798032) Importer(2089858483,192608db42251d675da83286b1cce702)
Start importing Assets/Scripts/LevelTimer.cs using Guid(0f436d41cbd603843941aea1b0798032) Importer(2089858483,192608db42251d675da83286b1cce702) (ScriptedImporter) -> (artifact id: '75f40254bcd9ac3b59652df46677b3e7') in 0.0624025 seconds
Number of updated asset objects reloaded before import = 0Number of asset objects unloaded after import = 0

========================================================================
Received Import Request.
  Time since last request: 0.000044 seconds.
  path: Assets/Scenes/Start.unity
  artifactKey: Guid(0d21ba13c006eab459284fb4d1b33b6e) Importer(2089858483,192608db42251d675da83286b1cce702)
Start importing Assets/Scenes/Start.unity using Guid(0d21ba13c006eab459284fb4d1b33b6e) Importer(2089858483,192608db42251d675da83286b1cce702) (ScriptedImporter) -> (artifact id: '894bd0f1c4e28cd64769eb34be6bacc3') in 0.0559106 seconds
Number of updated asset objects reloaded before import = 0Number of asset objects unloaded after import = 1

========================================================================
Received Import Request.
  Time since last request: 0.000030 seconds.
  path: Assets/Artwork/UI/Realm Defence - Speed Button - Pressed.png
  artifactKey: Guid(e37e4bb98a967b9478e6d1361c5a6300) Importer(2089858483,192608db42251d675da83286b1cce702)
Start importing Assets/Artwork/UI/Realm Defence - Speed Button - Pressed.png using Guid(e37e4bb98a967b9478e6d1361c5a6300) Importer(2089858483,192608db42251d675da83286b1cce702) (ScriptedImporter) -> (artifact id: '927d230e50858da7a4c77aada2d1b019') in 0.1156919 seconds
Number of updated asset objects reloaded before import = 0Number of asset objects unloaded after import = 3

========================================================================
Received Import Request.
  Time since last request: 0.000039 seconds.
  path: Assets/Artwork/UI/Realm Defence - Units Button - Normal.png
  artifactKey: Guid(c0c55e766e0e80745a33d187037c61c1) Importer(2089858483,192608db42251d675da83286b1cce702)
Start importing Assets/Artwork/UI/Realm Defence - Units Button - Normal.png using Guid(c0c55e766e0e80745a33d187037c61c1) Importer(2089858483,192608db42251d675da83286b1cce702) (ScriptedImporter) -> (artifact id: '79bbf2be0ea25435dbf5aa6d046f8cd9') in 0.1061969 seconds
Number of updated asset objects reloaded before import = 0Number of asset objects unloaded after import = 3

========================================================================
Received Import Request.
  Time since last request: 0.000029 seconds.
  path: Assets/Plaaceholders/Fire prefab.prefab
  artifactKey: Guid(f9d4541bb59408e4099b4c1fbb0d35df) Importer(2089858483,192608db42251d675da83286b1cce702)
Start importing Assets/Plaaceholders/Fire prefab.prefab using Guid(f9d4541bb59408e4099b4c1fbb0d35df) Importer(2089858483,192608db42251d675da83286b1cce702) (ScriptedImporter) -> (artifact id: '2834b6b1c7a46fc317827b770eeab856') in 0.1580547 seconds
Number of updated asset objects reloaded before import = 0Number of asset objects unloaded after import = 8

========================================================================
Received Import Request.
  Time since last request: 0.000042 seconds.
  path: Assets/Settings/TextMesh Pro/Shaders/TMP_SDF-URP Unlit.shadergraph
  artifactKey: Guid(124c112a6e8f1a54e8b0870e881b56d8) Importer(2089858483,192608db42251d675da83286b1cce702)
Start importing Assets/Settings/TextMesh Pro/Shaders/TMP_SDF-URP Unlit.shadergraph using Guid(124c112a6e8f1a54e8b0870e881b56d8) Importer(2089858483,192608db42251d675da83286b1cce702) (ScriptedImporter) -> (artifact id: '49972757d6355c37d66cdd620d65edd5') in 0.1570541 seconds
Number of updated asset objects reloaded before import = 0Number of asset objects unloaded after import = 4

========================================================================
Received Import Request.
  Time since last request: 0.000029 seconds.
  path: Assets/Settings/TextMesh Pro/Shaders/TMP_Bitmap-Custom-Atlas.shader
  artifactKey: Guid(48bb5f55d8670e349b6e614913f9d910) Importer(2089858483,192608db42251d675da83286b1cce702)
Start importing Assets/Settings/TextMesh Pro/Shaders/TMP_Bitmap-Custom-Atlas.shader using Guid(48bb5f55d8670e349b6e614913f9d910) Importer(2089858483,192608db42251d675da83286b1cce702) (ScriptedImporter) -> (artifact id: '2aa75ff7539daa7bade019d773634484') in 0.0527178 seconds
Number of updated asset objects reloaded before import = 0Number of asset objects unloaded after import = 1

========================================================================
Received Import Request.
  Time since last request: 0.000045 seconds.
  path: Assets/Scripts/WallCondition.cs
  artifactKey: Guid(0aca24fc19a13634fb6c0cccbdda6047) Importer(2089858483,192608db42251d675da83286b1cce702)
Start importing Assets/Scripts/WallCondition.cs using Guid(0aca24fc19a13634fb6c0cccbdda6047) Importer(2089858483,192608db42251d675da83286b1cce702) (ScriptedImporter) -> (artifact id: '3dbcabeea33017bb6ff4507897ccc0f1') in 0.0350238 seconds
Number of updated asset objects reloaded before import = 0Number of asset objects unloaded after import = 0

========================================================================
Received Import Request.
  Time since last request: 0.000025 seconds.
  path: Assets/Artwork/white bar.png
  artifactKey: Guid(c8d6dad9aaa310a4185c8b7f7f31f8f8) Importer(2089858483,192608db42251d675da83286b1cce702)
Start importing Assets/Artwork/white bar.png using Guid(c8d6dad9aaa310a4185c8b7f7f31f8f8) Importer(2089858483,192608db42251d675da83286b1cce702) (ScriptedImporter) -> (artifact id: '73083492b9868fb24d39fe3d42855329') in 0.1221949 seconds
Number of updated asset objects reloaded before import = 0Number of asset objects unloaded after import = 3

========================================================================
Received Import Request.
  Time since last request: 0.000067 seconds.
  path: Assets/Artwork/Realm Defence - Forest - Trees.png
  artifactKey: Guid(6209a94f68fdcf14e8c1b29f5550ffa6) Importer(2089858483,192608db42251d675da83286b1cce702)
Start importing Assets/Artwork/Realm Defence - Forest - Trees.png using Guid(6209a94f68fdcf14e8c1b29f5550ffa6) Importer(2089858483,192608db42251d675da83286b1cce702) (ScriptedImporter) -> (artifact id: 'af122777fca35c481a6ff8fcdd54262d') in 0.1174442 seconds
Number of updated asset objects reloaded before import = 0Number of asset objects unloaded after import = 3

========================================================================
Received Import Request.
  Time since last request: 0.000042 seconds.
  path: Assets/Artwork/UI/Realm Defence - Castle Health - Full.png
  artifactKey: Guid(18f411a5dab9c1e47a24f770bf2265e8) Importer(2089858483,192608db42251d675da83286b1cce702)
Start importing Assets/Artwork/UI/Realm Defence - Castle Health - Full.png using Guid(18f411a5dab9c1e47a24f770bf2265e8) Importer(2089858483,192608db42251d675da83286b1cce702) (ScriptedImporter) -> (artifact id: '27b8036c14f93cdea17f70bd2a4a0d77') in 0.1100025 seconds
Number of updated asset objects reloaded before import = 0Number of asset objects unloaded after import = 3

========================================================================
Received Import Request.
  Time since last request: 0.000137 seconds.
  path: Assets/Artwork/wizard_tower_render1.jpg
  artifactKey: Guid(4dc7b400251997047839ddc5bf8ab569) Importer(2089858483,192608db42251d675da83286b1cce702)
Start importing Assets/Artwork/wizard_tower_render1.jpg using Guid(4dc7b400251997047839ddc5bf8ab569) Importer(2089858483,192608db42251d675da83286b1cce702) (ScriptedImporter) -> (artifact id: 'f52037d17ad8f4c178868fe076eb2ba0') in 0.0898738 seconds
Number of updated asset objects reloaded before import = 0Number of asset objects unloaded after import = 3

========================================================================
Received Import Request.
  Time since last request: 0.000047 seconds.
  path: Assets/Plaaceholders/lineup-re4-ge.jpg
  artifactKey: Guid(0d1b90b27848f774eb840b3614dc0a3d) Importer(2089858483,192608db42251d675da83286b1cce702)
Start importing Assets/Plaaceholders/lineup-re4-ge.jpg using Guid(0d1b90b27848f774eb840b3614dc0a3d) Importer(2089858483,192608db42251d675da83286b1cce702) (ScriptedImporter) -> (artifact id: 'f6fcf9acbfc457c24134faae485e5ccf') in 0.1017248 seconds
Number of updated asset objects reloaded before import = 0Number of asset objects unloaded after import = 3

========================================================================
Received Import Request.
  Time since last request: 0.000029 seconds.
  path: Assets/Settings/TextMesh Pro/Shaders/TMP_SDF-HDRP LIT.shadergraph
  artifactKey: Guid(ca2ed216f98028c4dae6c5224a952b3c) Importer(2089858483,192608db42251d675da83286b1cce702)
Start importing Assets/Settings/TextMesh Pro/Shaders/TMP_SDF-HDRP LIT.shadergraph using Guid(ca2ed216f98028c4dae6c5224a952b3c) Importer(2089858483,192608db42251d675da83286b1cce702) (ScriptedImporter) -> (artifact id: 'c2477d8730eddd7c7f37763d9b214030') in 0.0898392 seconds
Number of updated asset objects reloaded before import = 0Number of asset objects unloaded after import = 3

========================================================================
Received Import Request.
  Time since last request: 0.000045 seconds.
  path: Assets/Artwork/Realm Defence - Frozen Lake - Bare.png
  artifactKey: Guid(2dd7579b247dcd74d9145f1186e20676) Importer(2089858483,192608db42251d675da83286b1cce702)
Start importing Assets/Artwork/Realm Defence - Frozen Lake - Bare.png using Guid(2dd7579b247dcd74d9145f1186e20676) Importer(2089858483,192608db42251d675da83286b1cce702) (ScriptedImporter) -> (artifact id: '1ad24e23fc24e98fe6421cc330918739') in 0.1051476 seconds
Number of updated asset objects reloaded before import = 0Number of asset objects unloaded after import = 3

========================================================================
Received Import Request.
  Time since last request: 0.000032 seconds.
  path: Assets/Artwork/UI/Realm Defence - Retry Button - Pressed.png
  artifactKey: Guid(1e392ffb1f5925346a6059fe0fd67d1e) Importer(2089858483,192608db42251d675da83286b1cce702)
Start importing Assets/Artwork/UI/Realm Defence - Retry Button - Pressed.png using Guid(1e392ffb1f5925346a6059fe0fd67d1e) Importer(2089858483,192608db42251d675da83286b1cce702) (ScriptedImporter) -> (artifact id: 'e083d4d2d3134eceabb785e12d3e48a2') in 0.1297438 seconds
Number of updated asset objects reloaded before import = 0Number of asset objects unloaded after import = 3

========================================================================
Received Import Request.
  Time since last request: 0.000048 seconds.
  path: Assets/Artwork/sword.png
  artifactKey: Guid(91237aa0681e7664b9a54b3313636bf5) Importer(2089858483,192608db42251d675da83286b1cce702)
Start importing Assets/Artwork/sword.png using Guid(91237aa0681e7664b9a54b3313636bf5) Importer(2089858483,192608db42251d675da83286b1cce702) (ScriptedImporter) -> (artifact id: 'f7c193a6569aef68ba6d78995c096c6a') in 0.1868263 seconds
Number of updated asset objects reloaded before import = 0Number of asset objects unloaded after import = 3

========================================================================
Received Import Request.
  Time since last request: 0.000038 seconds.
  path: Assets/Artwork/UI/Realm Defence - Back to Hub Button - Pressed.png
  artifactKey: Guid(1cb774a81fb339f41b42ca84374b1c5a) Importer(2089858483,192608db42251d675da83286b1cce702)
Start importing Assets/Artwork/UI/Realm Defence - Back to Hub Button - Pressed.png using Guid(1cb774a81fb339f41b42ca84374b1c5a) Importer(2089858483,192608db42251d675da83286b1cce702) (ScriptedImporter) -> (artifact id: '4d843f687b4afe5acd47e0c90c27cc8a') in 0.1285688 seconds
Number of updated asset objects reloaded before import = 0Number of asset objects unloaded after import = 3

========================================================================
Received Import Request.
  Time since last request: 0.000049 seconds.
  path: Assets/Plaaceholders/Fire Bullet.prefab
  artifactKey: Guid(9e3d144010b0ca5468f69f0d1075cd53) Importer(2089858483,192608db42251d675da83286b1cce702)
Start importing Assets/Plaaceholders/Fire Bullet.prefab using Guid(9e3d144010b0ca5468f69f0d1075cd53) Importer(2089858483,192608db42251d675da83286b1cce702) (ScriptedImporter) -> (artifact id: 'f009601deadf74a1f588a9ccfb8d3511') in 0.184659 seconds
Number of updated asset objects reloaded before import = 0Number of asset objects unloaded after import = 16

========================================================================
Received Import Request.
  Time since last request: 0.000034 seconds.
  path: Assets/Plaaceholders/settings cog place holder.png
  artifactKey: Guid(80bc555e9447868448a2ba73151f8c47) Importer(2089858483,192608db42251d675da83286b1cce702)
Start importing Assets/Plaaceholders/settings cog place holder.png using Guid(80bc555e9447868448a2ba73151f8c47) Importer(2089858483,192608db42251d675da83286b1cce702) (ScriptedImporter) -> (artifact id: '9fe60e3629ba81ed8a9dceba1bb8863a') in 0.0672355 seconds
Number of updated asset objects reloaded before import = 0Number of asset objects unloaded after import = 3

========================================================================
Received Import Request.
  Time since last request: 0.000050 seconds.
  path: Assets/Plaaceholders/Bullet.cs
  artifactKey: Guid(1ba7614b7e9e15448954c8eef2680204) Importer(2089858483,192608db42251d675da83286b1cce702)
Start importing Assets/Plaaceholders/Bullet.cs using Guid(1ba7614b7e9e15448954c8eef2680204) Importer(2089858483,192608db42251d675da83286b1cce702) (ScriptedImporter) -> (artifact id: '14bebebb5e6a2a1662e3ee4c5c929f4b') in 0.0284745 seconds
Number of updated asset objects reloaded before import = 0Number of asset objects unloaded after import = 0

========================================================================
Received Import Request.
  Time since last request: 0.000025 seconds.
  path: Assets/Artwork/UI/Realm Defence - Standard Status Effect.png
  artifactKey: Guid(a252555d7fa40dd459b1d539b9ad0c6b) Importer(2089858483,192608db42251d675da83286b1cce702)
Start importing Assets/Artwork/UI/Realm Defence - Standard Status Effect.png using Guid(a252555d7fa40dd459b1d539b9ad0c6b) Importer(2089858483,192608db42251d675da83286b1cce702) (ScriptedImporter) -> (artifact id: '5e5ea943b0c9e9fe4dacbd7709117b85') in 0.1642099 seconds
Number of updated asset objects reloaded before import = 0Number of asset objects unloaded after import = 3

========================================================================
Received Import Request.
  Time since last request: 0.000034 seconds.
  path: Assets/Settings/TextMesh Pro/Sprites/EmojiOne Attribution.txt
  artifactKey: Guid(381dcb09d5029d14897e55f98031fca5) Importer(2089858483,192608db42251d675da83286b1cce702)
Start importing Assets/Settings/TextMesh Pro/Sprites/EmojiOne Attribution.txt using Guid(381dcb09d5029d14897e55f98031fca5) Importer(2089858483,192608db42251d675da83286b1cce702) (ScriptedImporter) -> (artifact id: '756c369b34f6b3557c8f30293475eba6') in 0.0263923 seconds
Number of updated asset objects reloaded before import = 0Number of asset objects unloaded after import = 1

========================================================================
Received Import Request.
  Time since last request: 0.000097 seconds.
  path: Assets/Settings/TextMesh Pro/Fonts/LiberationSans.ttf
  artifactKey: Guid(e3265ab4bf004d28a9537516768c1c75) Importer(2089858483,192608db42251d675da83286b1cce702)
Start importing Assets/Settings/TextMesh Pro/Fonts/LiberationSans.ttf using Guid(e3265ab4bf004d28a9537516768c1c75) Importer(2089858483,192608db42251d675da83286b1cce702) (ScriptedImporter) -> (artifact id: '87a1eeff71e131e2366ba49ea46eb70b') in 0.0871136 seconds
Number of updated asset objects reloaded before import = 0Number of asset objects unloaded after import = 3

========================================================================
Received Import Request.
  Time since last request: 0.000034 seconds.
  path: Assets/Artwork/UI/Realm Defence - Back Button - Pressed.png
  artifactKey: Guid(b54f8814fa0d1c542886c496d614f8fc) Importer(2089858483,192608db42251d675da83286b1cce702)
Start importing Assets/Artwork/UI/Realm Defence - Back Button - Pressed.png using Guid(b54f8814fa0d1c542886c496d614f8fc) Importer(2089858483,192608db42251d675da83286b1cce702) (ScriptedImporter) -> (artifact id: '836c8357a37e58808f5985c3c23dda40') in 0.1040722 seconds
Number of updated asset objects reloaded before import = 0Number of asset objects unloaded after import = 3

========================================================================
Received Import Request.
  Time since last request: 0.000048 seconds.
  path: Assets/Settings/TextMesh Pro/Shaders/TMPro_Surface.cginc
  artifactKey: Guid(d930090c0cd643c7b55f19a38538c162) Importer(2089858483,192608db42251d675da83286b1cce702)
Start importing Assets/Settings/TextMesh Pro/Shaders/TMPro_Surface.cginc using Guid(d930090c0cd643c7b55f19a38538c162) Importer(2089858483,192608db42251d675da83286b1cce702) (ScriptedImporter) -> (artifact id: 'd7d6b3984afd94c12feaf5de4d5dad24') in 0.0401206 seconds
Number of updated asset objects reloaded before import = 0Number of asset objects unloaded after import = 1

Editor requested this worker to shutdown with reason: Scaling down because of idle timeout
AssetImportWorker is now disconnected from the server
Process exiting
Exiting without the bug reporter. Application will terminate with return code 0