[Licensing::Module] Trying to connect to existing licensing client channel...
Built from '6000.0/staging' branch; Version is '6000.0.67f1 (78a1c2bbeb6a) revision 7905730'; Using compiler version '193933523'; Build Type 'Release'
OS: 'Windows 11  (10.0.26200) Core' Language: 'en' Physical Memory: 32576 MB
[Licensing::IpcConnector] Successfully connected to: "LicenseClient-Christopher" at "2026-05-11T10:33:52.3979954Z"
BatchMode: 1, IsHumanControllingUs: 0, StartBugReporterOnCrash: 0, Is64bit: 1
System  architecture: x64
Process architecture: x64
Date: 2026-05-11T10:33:52Z

COMMAND LINE ARGUMENTS:
C:\Program Files\Unity\Hub\Editor\6000.0.67f1\Editor\Unity.exe
-adb2
-batchMode
-noUpm
-name
AssetImportWorker0
-projectPath
C:/Users/Christopher/Documents/GitHub/GD-204-Realm-Defence/GD204
-logFile
Logs/AssetImportWorker0.log
-srvPort
59451
-licensingIpc
LicenseClient-Christopher
-job-worker-count
3
-background-job-worker-count
8
-gc-helper-count
1
-name
AssetImport
Successfully changed project path to: C:/Users/Christopher/Documents/GitHub/GD-204-Realm-Defence/GD204
C:/Users/Christopher/Documents/GitHub/GD-204-Realm-Defence/GD204
[UnityMemory] Configuration Parameters - Can be set up in boot.config
    "memorysetup-bucket-allocator-granularity=16"
    "memorysetup-bucket-allocator-bucket-count=8"
    "memorysetup-bucket-allocator-block-size=33554432"
    "memorysetup-bucket-allocator-block-count=8"
    "memorysetup-main-allocator-block-size=16777216"
    "memorysetup-thread-allocator-block-size=16777216"
    "memorysetup-gfx-main-allocator-block-size=16777216"
    "memorysetup-gfx-thread-allocator-block-size=16777216"
    "memorysetup-cache-allocator-block-size=4194304"
    "memorysetup-typetree-allocator-block-size=2097152"
    "memorysetup-profiler-bucket-allocator-granularity=16"
    "memorysetup-profiler-bucket-allocator-bucket-count=8"
    "memorysetup-profiler-bucket-allocator-block-size=33554432"
    "memorysetup-profiler-bucket-allocator-block-count=8"
    "memorysetup-profiler-allocator-block-size=16777216"
    "memorysetup-profiler-editor-allocator-block-size=1048576"
    "memorysetup-temp-allocator-size-main=16777216"
    "memorysetup-job-temp-allocator-block-size=2097152"
    "memorysetup-job-temp-allocator-block-size-background=1048576"
    "memorysetup-job-temp-allocator-reduction-small-platforms=262144"
    "memorysetup-allocator-temp-initial-block-size-main=262144"
    "memorysetup-allocator-temp-initial-block-size-worker=262144"
    "memorysetup-temp-allocator-size-background-worker=32768"
    "memorysetup-temp-allocator-size-job-worker=262144"
    "memorysetup-temp-allocator-size-preload-manager=33554432"
    "memorysetup-temp-allocator-size-nav-mesh-worker=65536"
    "memorysetup-temp-allocator-size-audio-worker=65536"
    "memorysetup-temp-allocator-size-cloud-worker=32768"
    "memorysetup-temp-allocator-size-gi-baking-worker=262144"
    "memorysetup-temp-allocator-size-gi-baking-worker=262144"
    "memorysetup-temp-allocator-size-gi-baking-worker=262144"
    "memorysetup-temp-allocator-size-gi-baking-worker=262144"
    "memorysetup-temp-allocator-size-gi-baking-worker=262144"
    "memorysetup-temp-allocator-size-gfx=262144"
Player connection [2276]  Target information:

Player connection [2276]  * "[IP] 192.168.0.28 [Port] 0 [Flags] 2 [Guid] 297692350 [EditorId] 297692350 [Version] 1048832 [Id] WindowsEditor(7,DESKTOP-LQ8G75C) [Debug] 1 [PackageName] WindowsEditor [ProjectName] Editor" 

Player connection [2276] Host joined multi-casting on [225.0.0.222:54997]...
Player connection [2276] Host joined alternative multi-casting on [225.0.0.222:34997]...
JobSystem: Creating JobQueue using job-worker-count value 3
Input System module state changed to: Initialized.
[Physics::Module] Initialized fallback backend.
[Physics::Module] Id: 0xdecafbad
Library Redirect Path: Library/
[Physics::Module] Selected backend.
[Physics::Module] Name: PhysX
[Physics::Module] Id: 0xf2b8ea05
[Physics::Module] SDK Version: 4.1.2
[Physics::Module] Integration Version: 1.0.0
[Physics::Module] Threading Mode: Multi-Threaded
Refreshing native plugins compatible for Editor in 8.30 ms, found 4 plugins.
Preloading 0 native plugins for Editor in 0.00 ms.
Initialize engine version: 6000.0.67f1 (78a1c2bbeb6a)
[Subsystems] Discovering subsystems at path C:/Program Files/Unity/Hub/Editor/6000.0.67f1/Editor/Data/Resources/UnitySubsystems
[Subsystems] Discovering subsystems at path C:/Users/Christopher/Documents/GitHub/GD-204-Realm-Defence/GD204/Assets
GfxDevice: creating device client; kGfxThreadingModeNonThreaded
Direct3D:
    Version:  Direct3D 11.0 [level 11.1]
    Renderer: NVIDIA GeForce GTX 1050 (ID=0x1c8d)
    Vendor:   NVIDIA
    VRAM:     1976 MB
    Driver:   31.0.15.2892
Initialize mono
Mono path[0] = 'C:/Program Files/Unity/Hub/Editor/6000.0.67f1/Editor/Data/Managed'
Mono path[1] = 'C:/Program Files/Unity/Hub/Editor/6000.0.67f1/Editor/Data/MonoBleedingEdge/lib/mono/unityjit-win32'
Mono config path = 'C:/Program Files/Unity/Hub/Editor/6000.0.67f1/Editor/Data/MonoBleedingEdge/etc'
Using monoOptions --debugger-agent=transport=dt_socket,embedding=1,server=y,suspend=n,address=127.0.0.1:56076
Begin MonoManager ReloadAssembly
Registering precompiled unity dll's ...
Register platform support module: C:/Program Files/Unity/Hub/Editor/6000.0.67f1/Editor/Data/PlaybackEngines/WindowsStandaloneSupport/UnityEditor.WindowsStandalone.Extensions.dll
[Licensing::Module] Licensing is not yet initialized.
[Licensing::Client] Handshaking with LicensingClient:
  Version:                 1.17.4+4293ba1
  Session Id:              6acf1fbb7f4148598b920df48ad5d4fd
  Correlation Id:          5ff7e90cb0a17f9d804b797eadf35bff
  External correlation Id: 7701096646112596227
  Machine Id:              f42wxjXMd78nslhwErrrxvRhX/E=
[Licensing::Module] Successfully connected to LicensingClient on channel: "LicenseClient-Christopher" (connect: 0.00s, validation: 0.00s, handshake: 2.89s)
[Licensing::IpcConnector] Successfully connected to: "LicenseClient-Christopher-notifications" at "2026-05-11T10:33:55.2893115Z"
[Licensing::Module] Licensing Background thread has ended after 2.89s
[Licensing::Module] Licensing is initialized (took 1.04s).
[Licensing::Client] Successfully resolved entitlement details
[Licensing::Module] License group:
  Id: 5773561097232-UnityPersXXXX
  Product: Unity Personal
  Type: Assigned
  Expiration: Unlimited
Register platform support module: C:/Program Files/Unity/Hub/Editor/6000.0.67f1/Editor/Data/PlaybackEngines/AndroidPlayer/UnityEditor.Android.Extensions.dll
Registered in 1.053790 seconds.
- Loaded All Assemblies, in  2.617 seconds
Native extension for Android target not found
Android Extension - Scanning For ADB Devices 760 ms
Native extension for WindowsStandalone target not found
Mono: successfully reloaded assembly
- Finished resetting the current domain, in  1.654 seconds
Domain Reload Profiling: 4266ms
	BeginReloadAssembly (317ms)
		ExecutionOrderSort (0ms)
		DisableScriptedObjects (0ms)
		BackupInstance (0ms)
		ReleaseScriptingObjects (0ms)
		CreateAndSetChildDomain (2ms)
	RebuildCommonClasses (101ms)
	RebuildNativeTypeToScriptingClass (30ms)
	initialDomainReloadingComplete (1183ms)
	LoadAllAssembliesAndSetupDomain (980ms)
		LoadAssemblies (313ms)
		RebuildTransferFunctionScriptingTraits (0ms)
		AnalyzeDomain (970ms)
			TypeCache.Refresh (967ms)
				TypeCache.ScanAssembly (396ms)
			BuildScriptInfoCaches (0ms)
			ResolveRequiredComponents (1ms)
	FinalizeReload (1655ms)
		ReleaseScriptCaches (0ms)
		RebuildScriptCaches (0ms)
		SetupLoadedEditorAssemblies (1556ms)
			LogAssemblyErrors (0ms)
			InitializePlatformSupportModulesInManaged (986ms)
			SetLoadedEditorAssemblies (11ms)
			BeforeProcessingInitializeOnLoad (159ms)
			ProcessInitializeOnLoadAttributes (263ms)
			ProcessInitializeOnLoadMethodAttributes (138ms)
			AfterProcessingInitializeOnLoad (0ms)
			EditorAssembliesLoaded (0ms)
		ExecutionOrderSort2 (0ms)
		AwakeInstancesAfterBackupRestoration (0ms)
========================================================================
Worker process is ready to serve import requests
Import Worker Mode flag is 0x00
Begin MonoManager ReloadAssembly
[Licensing::Client] Successfully resolved entitlement details
- Loaded All Assemblies, in  2.059 seconds
Refreshing native plugins compatible for Editor in 2.40 ms, found 4 plugins.
Native extension for Android target not found
Native extension for WindowsStandalone target not found
Package Manager log level set to [2]
[Package Manager] Failed to launch server process. Reason: Unity was launched with the -noUpm command-line argument
[Package Manager] Unable to send message (not connected to server process).
[Package Manager] Cannot connect to Unity Package Manager local server
Mono: successfully reloaded assembly
- Finished resetting the current domain, in  2.494 seconds
Domain Reload Profiling: 4542ms
	BeginReloadAssembly (445ms)
		ExecutionOrderSort (0ms)
		DisableScriptedObjects (17ms)
		BackupInstance (0ms)
		ReleaseScriptingObjects (0ms)
		CreateAndSetChildDomain (76ms)
	RebuildCommonClasses (86ms)
	RebuildNativeTypeToScriptingClass (34ms)
	initialDomainReloadingComplete (97ms)
	LoadAllAssembliesAndSetupDomain (1385ms)
		LoadAssemblies (949ms)
		RebuildTransferFunctionScriptingTraits (0ms)
		AnalyzeDomain (668ms)
			TypeCache.Refresh (476ms)
				TypeCache.ScanAssembly (443ms)
			BuildScriptInfoCaches (165ms)
			ResolveRequiredComponents (21ms)
	FinalizeReload (2495ms)
		ReleaseScriptCaches (0ms)
		RebuildScriptCaches (0ms)
		SetupLoadedEditorAssemblies (2194ms)
			LogAssemblyErrors (0ms)
			InitializePlatformSupportModulesInManaged (24ms)
			SetLoadedEditorAssemblies (16ms)
			BeforeProcessingInitializeOnLoad (555ms)
			ProcessInitializeOnLoadAttributes (1321ms)
			ProcessInitializeOnLoadMethodAttributes (267ms)
			AfterProcessingInitializeOnLoad (10ms)
			EditorAssembliesLoaded (1ms)
		ExecutionOrderSort2 (0ms)
		AwakeInstancesAfterBackupRestoration (11ms)
Launched and connected shader compiler UnityShaderCompiler.exe after 0.02 seconds
Refreshing native plugins compatible for Editor in 2.86 ms, found 4 plugins.
Preloading 0 native plugins for Editor in 0.00 ms.
Unloading 13 Unused Serialized files (Serialized files now loaded: 0)
Unloading 6770 unused Assets / (4.5 MB). Loaded Objects now: 7492.
Memory consumption went from 141.6 MB to 137.0 MB.
Total: 22.218600 ms (FindLiveObjects: 0.980900 ms CreateObjectMapping: 1.623900 ms MarkObjects: 14.857700 ms  DeleteObjects: 4.754200 ms)

========================================================================
Received Import Request.
  Time since last request: 88757.601841 seconds.
  path: Assets/Scenes/Hub.unity
  artifactKey: Guid(173e8d7d1d8c136428182a2aabb01865) Importer(815301076,1909f56bfc062723c751e8b465ee728b)
Start importing Assets/Scenes/Hub.unity using Guid(173e8d7d1d8c136428182a2aabb01865) Importer(815301076,1909f56bfc062723c751e8b465ee728b) (PreviewImporter) -> (artifact id: 'e1817b2ab0481171b46e9ae28dd00a03') in 0.0079914 seconds
Number of updated asset objects reloaded before import = 0Number of asset objects unloaded after import = 0

========================================================================
Received Import Request.
  Time since last request: 0.000024 seconds.
  path: Assets/Scenes/Level.unity
  artifactKey: Guid(c071d64e453a69545b1fabd782193e05) Importer(815301076,1909f56bfc062723c751e8b465ee728b)
Start importing Assets/Scenes/Level.unity using Guid(c071d64e453a69545b1fabd782193e05) Importer(815301076,1909f56bfc062723c751e8b465ee728b) (PreviewImporter) -> (artifact id: 'bf8be8d6b27702f5dc740e2e30bf6b23') in 0.0007778 seconds
Number of updated asset objects reloaded before import = 0Number of asset objects unloaded after import = 0

========================================================================
Received Import Request.
  Time since last request: 9.970980 seconds.
  path: Assets/Scenes/Start.unity
  artifactKey: Guid(0d21ba13c006eab459284fb4d1b33b6e) Importer(815301076,1909f56bfc062723c751e8b465ee728b)
Start importing Assets/Scenes/Start.unity using Guid(0d21ba13c006eab459284fb4d1b33b6e) Importer(815301076,1909f56bfc062723c751e8b465ee728b) (PreviewImporter) -> (artifact id: 'bebeb6a35220c05396928ee87b3246b4') in 0.001193 seconds
Number of updated asset objects reloaded before import = 0Number of asset objects unloaded after import = 0

========================================================================
Received Import Request.
  Time since last request: 395.626342 seconds.
  path: Assets/Scripts
  artifactKey: Guid(8b1fe45ef70f74345b84203b022aea4c) Importer(815301076,1909f56bfc062723c751e8b465ee728b)
Start importing Assets/Scripts using Guid(8b1fe45ef70f74345b84203b022aea4c) Importer(815301076,1909f56bfc062723c751e8b465ee728b) (PreviewImporter) -> (artifact id: '15d7fec457b40f5543d2893200638d2a') in 0.0018043 seconds
Number of updated asset objects reloaded before import = 0Number of asset objects unloaded after import = 0

========================================================================
Received Import Request.
  Time since last request: 33.803785 seconds.
  path: Assets/Scripts/MenuGoldDisplay.cs
  artifactKey: Guid(fbfe71957581369469466c638b5dd35a) Importer(815301076,1909f56bfc062723c751e8b465ee728b)
Start importing Assets/Scripts/MenuGoldDisplay.cs using Guid(fbfe71957581369469466c638b5dd35a) Importer(815301076,1909f56bfc062723c751e8b465ee728b) (PreviewImporter) -> (artifact id: '8c3b1e3a7f73c3e2fb669746ae43a38b') in 0.002357 seconds
Number of updated asset objects reloaded before import = 0Number of asset objects unloaded after import = 0

========================================================================
Received Import Request.
  Time since last request: 12.755041 seconds.
  path: Assets/Scripts/EnemyAttributes.cs
  artifactKey: Guid(7e98d1a2d8391dd4a954eb0e6eb112b9) Importer(815301076,1909f56bfc062723c751e8b465ee728b)
Start importing Assets/Scripts/EnemyAttributes.cs using Guid(7e98d1a2d8391dd4a954eb0e6eb112b9) Importer(815301076,1909f56bfc062723c751e8b465ee728b) (PreviewImporter) -> (artifact id: '6b026f4f0ea3737e86934c06ff5db25b') in 0.0008648 seconds
Number of updated asset objects reloaded before import = 0Number of asset objects unloaded after import = 0

========================================================================
Received Import Request.
  Time since last request: 67.893268 seconds.
  path: Assets/Scripts/PlaceHolderEnemyScript.cs
  artifactKey: Guid(e49cbfd673019524d9ba1824e1afd1bc) Importer(815301076,1909f56bfc062723c751e8b465ee728b)
Start importing Assets/Scripts/PlaceHolderEnemyScript.cs using Guid(e49cbfd673019524d9ba1824e1afd1bc) Importer(815301076,1909f56bfc062723c751e8b465ee728b) (PreviewImporter) -> (artifact id: 'b94f9686ac647f5b8210f7a0ebc03d26') in 0.0279332 seconds
Number of updated asset objects reloaded before import = 0Number of asset objects unloaded after import = 0

========================================================================
Received Import Request.
  Time since last request: 9.136094 seconds.
  path: Assets/Scripts/ScoreTracker.cs
  artifactKey: Guid(9c1766cee66a6de44875e3656a5d651f) Importer(815301076,1909f56bfc062723c751e8b465ee728b)
Start importing Assets/Scripts/ScoreTracker.cs using Guid(9c1766cee66a6de44875e3656a5d651f) Importer(815301076,1909f56bfc062723c751e8b465ee728b) (PreviewImporter) -> (artifact id: '6ece4ca40dc44ea3272c1259b1d63d8a') in 0.0007589 seconds
Number of updated asset objects reloaded before import = 0Number of asset objects unloaded after import = 0

========================================================================
Received Prepare
Begin MonoManager ReloadAssembly
[Licensing::Client] Successfully resolved entitlement details
- Loaded All Assemblies, in  1.747 seconds
Refreshing native plugins compatible for Editor in 2.59 ms, found 4 plugins.
Native extension for Android target not found
Native extension for WindowsStandalone target not found
[Package Manager] Failed to launch server process. Reason: Unity was launched with the -noUpm command-line argument
[Package Manager] Unable to send message (not connected to server process).
[Package Manager] Cannot connect to Unity Package Manager local server
Mono: successfully reloaded assembly
- Finished resetting the current domain, in  2.552 seconds
Domain Reload Profiling: 4298ms
	BeginReloadAssembly (430ms)
		ExecutionOrderSort (0ms)
		DisableScriptedObjects (43ms)
		BackupInstance (0ms)
		ReleaseScriptingObjects (0ms)
		CreateAndSetChildDomain (100ms)
	RebuildCommonClasses (64ms)
	RebuildNativeTypeToScriptingClass (31ms)
	initialDomainReloadingComplete (54ms)
	LoadAllAssembliesAndSetupDomain (1165ms)
		LoadAssemblies (848ms)
		RebuildTransferFunctionScriptingTraits (0ms)
		AnalyzeDomain (499ms)
			TypeCache.Refresh (51ms)
				TypeCache.ScanAssembly (0ms)
			BuildScriptInfoCaches (417ms)
			ResolveRequiredComponents (21ms)
	FinalizeReload (2554ms)
		ReleaseScriptCaches (0ms)
		RebuildScriptCaches (0ms)
		SetupLoadedEditorAssemblies (2212ms)
			LogAssemblyErrors (0ms)
			InitializePlatformSupportModulesInManaged (24ms)
			SetLoadedEditorAssemblies (15ms)
			BeforeProcessingInitializeOnLoad (492ms)
			ProcessInitializeOnLoadAttributes (1478ms)
			ProcessInitializeOnLoadMethodAttributes (189ms)
			AfterProcessingInitializeOnLoad (15ms)
			EditorAssembliesLoaded (1ms)
		ExecutionOrderSort2 (0ms)
		AwakeInstancesAfterBackupRestoration (26ms)
Refreshing native plugins compatible for Editor in 11.15 ms, found 4 plugins.
Preloading 0 native plugins for Editor in 0.00 ms.
Unloading 13 Unused Serialized files (Serialized files now loaded: 0)
Unloading 6768 unused Assets / (4.6 MB). Loaded Objects now: 7498.
Memory consumption went from 143.3 MB to 138.7 MB.
Total: 29.458800 ms (FindLiveObjects: 6.274600 ms CreateObjectMapping: 3.994400 ms MarkObjects: 13.232200 ms  DeleteObjects: 5.956100 ms)

Prepare: number of updated asset objects reloaded= 0
========================================================================
Received Import Request.
  Time since last request: 303.626812 seconds.
  path: Assets/Scripts/UnitData.cs
  artifactKey: Guid(1458bd135f34b014095bc79b5e45406e) Importer(815301076,1909f56bfc062723c751e8b465ee728b)
Start importing Assets/Scripts/UnitData.cs using Guid(1458bd135f34b014095bc79b5e45406e) Importer(815301076,1909f56bfc062723c751e8b465ee728b) (PreviewImporter) -> (artifact id: '7e29ad83af4520f5c5205b3d9bb13f9c') in 0.0103864 seconds
Number of updated asset objects reloaded before import = 0Number of asset objects unloaded after import = 0

========================================================================
Received Import Request.
  Time since last request: 8.347972 seconds.
  path: Assets/Scripts/Bullet.cs
  artifactKey: Guid(1ba7614b7e9e15448954c8eef2680204) Importer(815301076,1909f56bfc062723c751e8b465ee728b)
Start importing Assets/Scripts/Bullet.cs using Guid(1ba7614b7e9e15448954c8eef2680204) Importer(815301076,1909f56bfc062723c751e8b465ee728b) (PreviewImporter) -> (artifact id: '28ba3e0e6099304f69eadd05bd2c8ae7') in 0.0008605 seconds
Number of updated asset objects reloaded before import = 0Number of asset objects unloaded after import = 0

========================================================================
Received Import Request.
  Time since last request: 1.352176 seconds.
  path: Assets/Scripts/ButtonSoundAssigner.cs
  artifactKey: Guid(7b7cd11c74c63e441a59e01e7729c3e3) Importer(815301076,1909f56bfc062723c751e8b465ee728b)
Start importing Assets/Scripts/ButtonSoundAssigner.cs using Guid(7b7cd11c74c63e441a59e01e7729c3e3) Importer(815301076,1909f56bfc062723c751e8b465ee728b) (PreviewImporter) -> (artifact id: '5950b7b94ba99f42ed85a5c77e4c8ceb') in 0.0008086 seconds
Number of updated asset objects reloaded before import = 0Number of asset objects unloaded after import = 0

========================================================================
Received Import Request.
  Time since last request: 0.955050 seconds.
  path: Assets/Scripts/CastleHealth.cs
  artifactKey: Guid(5ac3383fd8b54674aa1969a83e04df97) Importer(815301076,1909f56bfc062723c751e8b465ee728b)
Start importing Assets/Scripts/CastleHealth.cs using Guid(5ac3383fd8b54674aa1969a83e04df97) Importer(815301076,1909f56bfc062723c751e8b465ee728b) (PreviewImporter) -> (artifact id: 'bcef5f9e7ac1f1cc2446feb9e4f50272') in 0.0008317 seconds
Number of updated asset objects reloaded before import = 0Number of asset objects unloaded after import = 0

========================================================================
Received Import Request.
  Time since last request: 1.844166 seconds.
  path: Assets/Scripts/DamageIndicator.cs
  artifactKey: Guid(513d4f9ac13a3554192057877cf61b1e) Importer(815301076,1909f56bfc062723c751e8b465ee728b)
Start importing Assets/Scripts/DamageIndicator.cs using Guid(513d4f9ac13a3554192057877cf61b1e) Importer(815301076,1909f56bfc062723c751e8b465ee728b) (PreviewImporter) -> (artifact id: '2b68b4b19d9c3b3e65596ea57f28d241') in 0.000789 seconds
Number of updated asset objects reloaded before import = 0Number of asset objects unloaded after import = 0

========================================================================
Received Import Request.
  Time since last request: 1.796752 seconds.
  path: Assets/Scripts/DestroyParticle.cs
  artifactKey: Guid(faf575f3989faa74aba2a5ab4d0d0919) Importer(815301076,1909f56bfc062723c751e8b465ee728b)
Start importing Assets/Scripts/DestroyParticle.cs using Guid(faf575f3989faa74aba2a5ab4d0d0919) Importer(815301076,1909f56bfc062723c751e8b465ee728b) (PreviewImporter) -> (artifact id: '5eb81d7a9a4a7fcb4334c0e06ed1785d') in 0.0009464 seconds
Number of updated asset objects reloaded before import = 0Number of asset objects unloaded after import = 0

========================================================================
Received Import Request.
  Time since last request: 4.406555 seconds.
  path: Assets/Scripts/EnemySpawner.cs
  artifactKey: Guid(6340390dcf7675b43bf7c2ab93ed23a7) Importer(815301076,1909f56bfc062723c751e8b465ee728b)
Start importing Assets/Scripts/EnemySpawner.cs using Guid(6340390dcf7675b43bf7c2ab93ed23a7) Importer(815301076,1909f56bfc062723c751e8b465ee728b) (PreviewImporter) -> (artifact id: '05358d880688abac29fbe6242ec98ed7') in 0.0255621 seconds
Number of updated asset objects reloaded before import = 0Number of asset objects unloaded after import = 0

========================================================================
Received Import Request.
  Time since last request: 3.749151 seconds.
  path: Assets/Scripts/Fire.cs
  artifactKey: Guid(d0666c8c8db356f49985c5d497073f57) Importer(815301076,1909f56bfc062723c751e8b465ee728b)
Start importing Assets/Scripts/Fire.cs using Guid(d0666c8c8db356f49985c5d497073f57) Importer(815301076,1909f56bfc062723c751e8b465ee728b) (PreviewImporter) -> (artifact id: 'fbaa5285c57b6e96a913d53ebc958aaa') in 0.000808 seconds
Number of updated asset objects reloaded before import = 0Number of asset objects unloaded after import = 0

========================================================================
Received Import Request.
  Time since last request: 1.603889 seconds.
  path: Assets/Scripts/Healthbar.cs
  artifactKey: Guid(67d574d95a5b0f74c8b14a15a9a17794) Importer(815301076,1909f56bfc062723c751e8b465ee728b)
Start importing Assets/Scripts/Healthbar.cs using Guid(67d574d95a5b0f74c8b14a15a9a17794) Importer(815301076,1909f56bfc062723c751e8b465ee728b) (PreviewImporter) -> (artifact id: 'b145df9370ad5f2af32ac8ae05ae87a2') in 0.0008887 seconds
Number of updated asset objects reloaded before import = 0Number of asset objects unloaded after import = 0

========================================================================
Received Import Request.
  Time since last request: 2.016244 seconds.
  path: Assets/Scripts/LevelManager.cs
  artifactKey: Guid(7fc6e0229f244e040b29d257ff5ec6cb) Importer(815301076,1909f56bfc062723c751e8b465ee728b)
Start importing Assets/Scripts/LevelManager.cs using Guid(7fc6e0229f244e040b29d257ff5ec6cb) Importer(815301076,1909f56bfc062723c751e8b465ee728b) (PreviewImporter) -> (artifact id: 'ab8fccc3f82445839fecd599189b9297') in 0.0007891 seconds
Number of updated asset objects reloaded before import = 0Number of asset objects unloaded after import = 0

========================================================================
Received Import Request.
  Time since last request: 1.328021 seconds.
  path: Assets/Scripts/LevelTimer.cs
  artifactKey: Guid(0f436d41cbd603843941aea1b0798032) Importer(815301076,1909f56bfc062723c751e8b465ee728b)
Start importing Assets/Scripts/LevelTimer.cs using Guid(0f436d41cbd603843941aea1b0798032) Importer(815301076,1909f56bfc062723c751e8b465ee728b) (PreviewImporter) -> (artifact id: '0ce414143fb0e60a9b0f5b2eae985e0f') in 0.0008301 seconds
Number of updated asset objects reloaded before import = 0Number of asset objects unloaded after import = 0

========================================================================
Received Import Request.
  Time since last request: 1.701661 seconds.
  path: Assets/Scripts/MapChooser.cs
  artifactKey: Guid(2adb23c60f71b1a49b68c904bc5c6fc3) Importer(815301076,1909f56bfc062723c751e8b465ee728b)
Start importing Assets/Scripts/MapChooser.cs using Guid(2adb23c60f71b1a49b68c904bc5c6fc3) Importer(815301076,1909f56bfc062723c751e8b465ee728b) (PreviewImporter) -> (artifact id: '97cf27e919481df0d84de0cb3c3a5f73') in 0.0008287 seconds
Number of updated asset objects reloaded before import = 0Number of asset objects unloaded after import = 0

========================================================================
Received Import Request.
  Time since last request: 2.464083 seconds.
  path: Assets/Scripts/MenuMusicTrigger.cs
  artifactKey: Guid(bba2047d8ef2b474d87d1b191bf702dc) Importer(815301076,1909f56bfc062723c751e8b465ee728b)
Start importing Assets/Scripts/MenuMusicTrigger.cs using Guid(bba2047d8ef2b474d87d1b191bf702dc) Importer(815301076,1909f56bfc062723c751e8b465ee728b) (PreviewImporter) -> (artifact id: 'abed7f6f189ad56f9c1fa151153522bf') in 0.0013674 seconds
Number of updated asset objects reloaded before import = 0Number of asset objects unloaded after import = 0

========================================================================
Received Import Request.
  Time since last request: 9.857932 seconds.
  path: Assets/Scripts/StatusEffects.cs
  artifactKey: Guid(ab749aad65459a44b9b7a56af4a974c2) Importer(815301076,1909f56bfc062723c751e8b465ee728b)
Start importing Assets/Scripts/StatusEffects.cs using Guid(ab749aad65459a44b9b7a56af4a974c2) Importer(815301076,1909f56bfc062723c751e8b465ee728b) (PreviewImporter) -> (artifact id: '993a714d78cfda62f1fe98e54abda927') in 0.0008611 seconds
Number of updated asset objects reloaded before import = 0Number of asset objects unloaded after import = 0

========================================================================
Received Import Request.
  Time since last request: 752.943623 seconds.
  path: Assets/Prefabs
  artifactKey: Guid(5cf9aaed32818cc46b6e685e011cd6c3) Importer(815301076,1909f56bfc062723c751e8b465ee728b)
Start importing Assets/Prefabs using Guid(5cf9aaed32818cc46b6e685e011cd6c3) Importer(815301076,1909f56bfc062723c751e8b465ee728b) (PreviewImporter) -> (artifact id: '09225e71dcd262a4854ca4873ad812f3') in 0.0013255 seconds
Number of updated asset objects reloaded before import = 0Number of asset objects unloaded after import = 0

========================================================================
Received Import Request.
  Time since last request: 0.000057 seconds.
  path: Assets/Prefabs/Healthbar.prefab
  artifactKey: Guid(49057708233a50e4b91231600dc8dbf8) Importer(815301076,1909f56bfc062723c751e8b465ee728b)
Start importing Assets/Prefabs/Healthbar.prefab using Guid(49057708233a50e4b91231600dc8dbf8) Importer(815301076,1909f56bfc062723c751e8b465ee728b) (PreviewImporter) -> (artifact id: '6d0068953799fb5fd6a06b3d9f21f51b') in 0.0864051 seconds
Number of updated asset objects reloaded before import = 0Number of asset objects unloaded after import = 18

========================================================================
Received Import Request.
  Time since last request: 1.052836 seconds.
  path: Assets/Prefabs/Enemies
  artifactKey: Guid(69243c5feec558e49969797a81ed414d) Importer(815301076,1909f56bfc062723c751e8b465ee728b)
Start importing Assets/Prefabs/Enemies using Guid(69243c5feec558e49969797a81ed414d) Importer(815301076,1909f56bfc062723c751e8b465ee728b) (PreviewImporter) -> (artifact id: '7d5f55d9738b92b00c4ab95974b4f610') in 0.0011602 seconds
Number of updated asset objects reloaded before import = 0Number of asset objects unloaded after import = 0

========================================================================
Received Import Request.
  Time since last request: 0.000020 seconds.
  path: Assets/Prefabs/Enemies/Blood Explosion.prefab
  artifactKey: Guid(afd51447c8b53b24a96576dc14a34a01) Importer(815301076,1909f56bfc062723c751e8b465ee728b)
Start importing Assets/Prefabs/Enemies/Blood Explosion.prefab using Guid(afd51447c8b53b24a96576dc14a34a01) Importer(815301076,1909f56bfc062723c751e8b465ee728b) (PreviewImporter) -> (artifact id: '93ab8c140074ff92033d962eece1db92') in 0.9662178 seconds
Number of updated asset objects reloaded before import = 0Number of asset objects unloaded after import = 7

========================================================================
Received Import Request.
  Time since last request: 0.000076 seconds.
  path: Assets/Prefabs/Enemies/NormalTypeEnemy.prefab
  artifactKey: Guid(806f0a84746080140bd493f612f96570) Importer(815301076,1909f56bfc062723c751e8b465ee728b)
Start importing Assets/Prefabs/Enemies/NormalTypeEnemy.prefab using Guid(806f0a84746080140bd493f612f96570) Importer(815301076,1909f56bfc062723c751e8b465ee728b) (PreviewImporter) -> (artifact id: '9feee72b88dcb7ea0fddaec212396e53') in 0.1326787 seconds
Number of updated asset objects reloaded before import = 0Number of asset objects unloaded after import = 90

========================================================================
Received Import Request.
  Time since last request: 125.892057 seconds.
  path: Assets/Enemy art
  artifactKey: Guid(221f516d2a566c842bb2f6c99b46a883) Importer(2089858483,192608db42251d675da83286b1cce702)
Start importing Assets/Enemy art using Guid(221f516d2a566c842bb2f6c99b46a883) Importer(2089858483,192608db42251d675da83286b1cce702) (ScriptedImporter) -> (artifact id: 'c83974a568e9e1f03ad436421367a2dd') in 0.7348337 seconds
Number of updated asset objects reloaded before import = 0Number of asset objects unloaded after import = 1

========================================================================
Received Import Request.
  Time since last request: 0.000041 seconds.
  path: Assets/Artwork/Enemy/enemy 3 Boss.png
  artifactKey: Guid(ab8e44e55bb222c4b993e02664139127) Importer(2089858483,192608db42251d675da83286b1cce702)
Start importing Assets/Artwork/Enemy/enemy 3 Boss.png using Guid(ab8e44e55bb222c4b993e02664139127) Importer(2089858483,192608db42251d675da83286b1cce702) (ScriptedImporter)[Licensing::Client] Successfully resolved entitlement details
 -> (artifact id: 'c41070243920e7ebc4f340441a937c3c') in 0.3960247 seconds
Number of updated asset objects reloaded before import = 0Number of asset objects unloaded after import = 3

========================================================================
Received Import Request.
  Time since last request: 0.000060 seconds.
  path: Assets/Plaaceholders/fire bullet.png
  artifactKey: Guid(d03c4c65286420d449bedd6440617e34) Importer(2089858483,192608db42251d675da83286b1cce702)
Start importing Assets/Plaaceholders/fire bullet.png using Guid(d03c4c65286420d449bedd6440617e34) Importer(2089858483,192608db42251d675da83286b1cce702) (ScriptedImporter) -> (artifact id: '0d155329dc925bdd5249476a8ef9e486') in 0.1701853 seconds
Number of updated asset objects reloaded before import = 0Number of asset objects unloaded after import = 3

========================================================================
Received Import Request.
  Time since last request: 0.000036 seconds.
  path: Assets/Artwork/UI/Realm Defence - Play Button - Pressed.png
  artifactKey: Guid(a61d120d39335734cb0204347e14855a) Importer(2089858483,192608db42251d675da83286b1cce702)
Start importing Assets/Artwork/UI/Realm Defence - Play Button - Pressed.png using Guid(a61d120d39335734cb0204347e14855a) Importer(2089858483,192608db42251d675da83286b1cce702) (ScriptedImporter) -> (artifact id: 'f21fb385413dad9d04c9a95dbd2c13dd') in 0.3442379 seconds
Number of updated asset objects reloaded before import = 0Number of asset objects unloaded after import = 3

========================================================================
Received Import Request.
  Time since last request: 0.000297 seconds.
  path: Assets/Artwork/Realm Defence - Burning City - Bare.png
  artifactKey: Guid(bdf40b0ee1c3b554bb9990298e53683a) Importer(2089858483,192608db42251d675da83286b1cce702)
Start importing Assets/Artwork/Realm Defence - Burning City - Bare.png using Guid(bdf40b0ee1c3b554bb9990298e53683a) Importer(2089858483,192608db42251d675da83286b1cce702) (ScriptedImporter) -> (artifact id: 'bd8b679045ce2e2d4459bd075c680793') in 0.3347954 seconds
Number of updated asset objects reloaded before import = 0Number of asset objects unloaded after import = 3

========================================================================
Received Import Request.
  Time since last request: 0.000042 seconds.
  path: Assets/Artwork/UI/Realm Defence - Settings Button - Pressed.png
  artifactKey: Guid(ebb6631110b26ad45a43c571be34ef09) Importer(2089858483,192608db42251d675da83286b1cce702)
Start importing Assets/Artwork/UI/Realm Defence - Settings Button - Pressed.png using Guid(ebb6631110b26ad45a43c571be34ef09) Importer(2089858483,192608db42251d675da83286b1cce702) (ScriptedImporter) -> (artifact id: '00d10790b5893278204dc5cac87f0a07') in 0.3891611 seconds
Number of updated asset objects reloaded before import = 0Number of asset objects unloaded after import = 3

========================================================================
Received Import Request.
  Time since last request: 0.000051 seconds.
  path: Assets/Scenes/Hub.unity
  artifactKey: Guid(173e8d7d1d8c136428182a2aabb01865) Importer(2089858483,192608db42251d675da83286b1cce702)
Start importing Assets/Scenes/Hub.unity using Guid(173e8d7d1d8c136428182a2aabb01865) Importer(2089858483,192608db42251d675da83286b1cce702) (ScriptedImporter) -> (artifact id: '11b19277ce24c3ceed9fe10573a2443f') in 0.1443708 seconds
Number of updated asset objects reloaded before import = 0Number of asset objects unloaded after import = 1

========================================================================
Received Import Request.
  Time since last request: 0.000042 seconds.
  path: Assets/Artwork/Realm Defence - Forest No Wall.png
  artifactKey: Guid(1d9f8df2c09aba74196326e5e6f0a1d4) Importer(2089858483,192608db42251d675da83286b1cce702)
Start importing Assets/Artwork/Realm Defence - Forest No Wall.png using Guid(1d9f8df2c09aba74196326e5e6f0a1d4) Importer(2089858483,192608db42251d675da83286b1cce702) (ScriptedImporter) -> (artifact id: 'e4b94be2dc7e0e6a0580d88d2a0b7bc0') in 0.1535015 seconds
Number of updated asset objects reloaded before import = 0Number of asset objects unloaded after import = 3

========================================================================
Received Import Request.
  Time since last request: 0.000065 seconds.
  path: Assets/Artwork/UI/Realm Defence - Settings Button - Normal.png
  artifactKey: Guid(a01996ffb22b4124fa94fad59b65d018) Importer(2089858483,192608db42251d675da83286b1cce702)
Start importing Assets/Artwork/UI/Realm Defence - Settings Button - Normal.png using Guid(a01996ffb22b4124fa94fad59b65d018) Importer(2089858483,192608db42251d675da83286b1cce702) (ScriptedImporter) -> (artifact id: '268a38803e8c5ea2415e2f6b031fe808') in 0.2306748 seconds
Number of updated asset objects reloaded before import = 0Number of asset objects unloaded after import = 3

========================================================================
Received Import Request.
  Time since last request: 0.000039 seconds.
  path: Assets/Artwork/Enemy/Enemy 3_Ice_Elite.png
  artifactKey: Guid(29ae30aaec230e44a8f32020f4e38021) Importer(2089858483,192608db42251d675da83286b1cce702)
Start importing Assets/Artwork/Enemy/Enemy 3_Ice_Elite.png using Guid(29ae30aaec230e44a8f32020f4e38021) Importer(2089858483,192608db42251d675da83286b1cce702) (ScriptedImporter) -> (artifact id: 'bcaef2159c951f310c98302f30459a38') in 0.0857931 seconds
Number of updated asset objects reloaded before import = 0Number of asset objects unloaded after import = 3

========================================================================
Received Import Request.
  Time since last request: 0.000052 seconds.
  path: Assets/Artwork/Realm Defence - Castle Wall Cracked.png
  artifactKey: Guid(ba70f29ffde9c86439c35280e6120c1f) Importer(2089858483,192608db42251d675da83286b1cce702)
Start importing Assets/Artwork/Realm Defence - Castle Wall Cracked.png using Guid(ba70f29ffde9c86439c35280e6120c1f) Importer(2089858483,192608db42251d675da83286b1cce702) (ScriptedImporter) -> (artifact id: '703036d3c0c60667b0a344946c24e414') in 0.0727696 seconds
Number of updated asset objects reloaded before import = 0Number of asset objects unloaded after import = 3

========================================================================
Received Import Request.
  Time since last request: 0.000035 seconds.
  path: Assets/Artwork/free-plus-icon-3107-thumb.png
  artifactKey: Guid(e07f58bcef780ac4080d77950f33330a) Importer(2089858483,192608db42251d675da83286b1cce702)
Start importing Assets/Artwork/free-plus-icon-3107-thumb.png using Guid(e07f58bcef780ac4080d77950f33330a) Importer(2089858483,192608db42251d675da83286b1cce702) (ScriptedImporter) -> (artifact id: 'a588948c9aec119c154ef6c7996c462e') in 0.0635287 seconds
Number of updated asset objects reloaded before import = 0Number of asset objects unloaded after import = 3

========================================================================
Received Import Request.
  Time since last request: 0.000041 seconds.
  path: Assets/Plaaceholders/base turret.png
  artifactKey: Guid(d19718d9146a3bc4ab0b78ec5446dca8) Importer(2089858483,192608db42251d675da83286b1cce702)
Start importing Assets/Plaaceholders/base turret.png using Guid(d19718d9146a3bc4ab0b78ec5446dca8) Importer(2089858483,192608db42251d675da83286b1cce702) (ScriptedImporter) -> (artifact id: 'e350964069ef5858ae355b2697115442') in 0.0724276 seconds
Number of updated asset objects reloaded before import = 0Number of asset objects unloaded after import = 3

========================================================================
Received Import Request.
  Time since last request: 0.000055 seconds.
  path: Assets/Artwork/UI/Realm Defence - Retry Button - Normal.png
  artifactKey: Guid(e6b4dd67d12875f4abc91d4fb7ecf1fe) Importer(2089858483,192608db42251d675da83286b1cce702)
Start importing Assets/Artwork/UI/Realm Defence - Retry Button - Normal.png using Guid(e6b4dd67d12875f4abc91d4fb7ecf1fe) Importer(2089858483,192608db42251d675da83286b1cce702) (ScriptedImporter) -> (artifact id: '5ed24634db9ef2959d7daafa8ff999c9') in 0.097349 seconds
Number of updated asset objects reloaded before import = 0Number of asset objects unloaded after import = 3

========================================================================
Received Import Request.
  Time since last request: 0.000041 seconds.
  path: Assets/Artwork/UI/Realm Defence - Back Button - Normal.png
  artifactKey: Guid(d214a7621964c0c4188ee0f132e91726) Importer(2089858483,192608db42251d675da83286b1cce702)
Start importing Assets/Artwork/UI/Realm Defence - Back Button - Normal.png using Guid(d214a7621964c0c4188ee0f132e91726) Importer(2089858483,192608db42251d675da83286b1cce702) (ScriptedImporter) -> (artifact id: 'c15e83a61fa1253cce92101529a53a7c') in 0.0783978 seconds
Number of updated asset objects reloaded before import = 0Number of asset objects unloaded after import = 3

========================================================================
Received Import Request.
  Time since last request: 0.000049 seconds.
  path: Assets/Audio/Realm Defence - Forest.mp3
  artifactKey: Guid(73f43b1a57d10a543a830507e172ce06) Importer(2089858483,192608db42251d675da83286b1cce702)
Start importing Assets/Audio/Realm Defence - Forest.mp3 using Guid(73f43b1a57d10a543a830507e172ce06) Importer(2089858483,192608db42251d675da83286b1cce702) (ScriptedImporter) -> (artifact id: '9f45019598f72eaa4b98fd590c1599a5') in 0.2324018 seconds
Number of updated asset objects reloaded before import = 0Number of asset objects unloaded after import = 1

========================================================================
Received Import Request.
  Time since last request: 0.000040 seconds.
  path: Assets/Artwork/UI/Realm Defence - Water Turret Button - Normal.png
  artifactKey: Guid(0001845a2b2ac14428c619b7f6a6ca13) Importer(2089858483,192608db42251d675da83286b1cce702)
Start importing Assets/Artwork/UI/Realm Defence - Water Turret Button - Normal.png using Guid(0001845a2b2ac14428c619b7f6a6ca13) Importer(2089858483,192608db42251d675da83286b1cce702) (ScriptedImporter) -> (artifact id: 'e34a0d45b97da9cdd8861b7e3bf69496') in 0.1078768 seconds
Number of updated asset objects reloaded before import = 0Number of asset objects unloaded after import = 3

========================================================================
Received Import Request.
  Time since last request: 0.000057 seconds.
  path: Assets/TurretTypes/WaterUnit.asset
  artifactKey: Guid(5377487df9ecdee48931f5fb485c2fba) Importer(2089858483,192608db42251d675da83286b1cce702)
Start importing Assets/TurretTypes/WaterUnit.asset using Guid(5377487df9ecdee48931f5fb485c2fba) Importer(2089858483,192608db42251d675da83286b1cce702) (ScriptedImporter) -> (artifact id: 'b9107751f26dfcae433331ca17b893f5') in 0.1089128 seconds
Number of updated asset objects reloaded before import = 0Number of asset objects unloaded after import = 9

========================================================================
Received Import Request.
  Time since last request: 0.000041 seconds.
  path: Assets/Scripts/MapChooser.cs
  artifactKey: Guid(2adb23c60f71b1a49b68c904bc5c6fc3) Importer(2089858483,192608db42251d675da83286b1cce702)
Start importing Assets/Scripts/MapChooser.cs using Guid(2adb23c60f71b1a49b68c904bc5c6fc3) Importer(2089858483,192608db42251d675da83286b1cce702) (ScriptedImporter) -> (artifact id: '4c57415303de787131512234dc33f75c') in 0.0362 seconds
Number of updated asset objects reloaded before import = 0Number of asset objects unloaded after import = 0

========================================================================
Received Import Request.
  Time since last request: 0.000059 seconds.
  path: Assets/TurretTypes/FireUnit.asset
  artifactKey: Guid(e714ac12414ee4840808d0098cc31a1f) Importer(2089858483,192608db42251d675da83286b1cce702)
Start importing Assets/TurretTypes/FireUnit.asset using Guid(e714ac12414ee4840808d0098cc31a1f) Importer(2089858483,192608db42251d675da83286b1cce702) (ScriptedImporter) -> (artifact id: '9a7c0a332d98939f999da6c345b0e5b4') in 0.0400494 seconds
Number of updated asset objects reloaded before import = 0Number of asset objects unloaded after import = 16

========================================================================
Received Import Request.
  Time since last request: 0.000036 seconds.
  path: Assets/Scripts/Turret.cs
  artifactKey: Guid(75d6ed4070240514180ebe6d0a82998f) Importer(2089858483,192608db42251d675da83286b1cce702)
Start importing Assets/Scripts/Turret.cs using Guid(75d6ed4070240514180ebe6d0a82998f) Importer(2089858483,192608db42251d675da83286b1cce702) (ScriptedImporter) -> (artifact id: 'd8fc84447b0bb6fc26e9078993fa61f8') in 0.0381304 seconds
Number of updated asset objects reloaded before import = 0Number of asset objects unloaded after import = 0

========================================================================
Received Import Request.
  Time since last request: 0.000057 seconds.
  path: Assets/Artwork/Enemy/enemy 1 orc_anim2.png
  artifactKey: Guid(008336e94e1d6a549b71d1073606e21a) Importer(2089858483,192608db42251d675da83286b1cce702)
Start importing Assets/Artwork/Enemy/enemy 1 orc_anim2.png using Guid(008336e94e1d6a549b71d1073606e21a) Importer(2089858483,192608db42251d675da83286b1cce702) (ScriptedImporter) -> (artifact id: 'd792777aea54c5940b70fb70c2c1535c') in 0.0784582 seconds
Number of updated asset objects reloaded before import = 0Number of asset objects unloaded after import = 4

========================================================================
Received Import Request.
  Time since last request: 0.000087 seconds.
  path: Assets/Artwork/Realm Defence - Frozen Lake - Snow Piles.png
  artifactKey: Guid(996825853d4c464479cf6786e4e46b83) Importer(2089858483,192608db42251d675da83286b1cce702)
Start importing Assets/Artwork/Realm Defence - Frozen Lake - Snow Piles.png using Guid(996825853d4c464479cf6786e4e46b83) Importer(2089858483,192608db42251d675da83286b1cce702) (ScriptedImporter) -> (artifact id: 'ff08391e0a01d572cdf4c39c13d98714') in 0.1050869 seconds
Number of updated asset objects reloaded before import = 0Number of asset objects unloaded after import = 4

========================================================================
Received Import Request.
  Time since last request: 0.000058 seconds.
  path: Assets/Plaaceholders/734983_front.jpg
  artifactKey: Guid(5209ca35ebb55004a9959baadd9115d3) Importer(2089858483,192608db42251d675da83286b1cce702)
Start importing Assets/Plaaceholders/734983_front.jpg using Guid(5209ca35ebb55004a9959baadd9115d3) Importer(2089858483,192608db42251d675da83286b1cce702) (ScriptedImporter) -> (artifact id: '1217896e6006593ba2ed138942d8b914') in 0.0803906 seconds
Number of updated asset objects reloaded before import = 0Number of asset objects unloaded after import = 3

========================================================================
Received Import Request.
  Time since last request: 0.000051 seconds.
  path: Assets/Scripts/DamageIndicator.cs
  artifactKey: Guid(513d4f9ac13a3554192057877cf61b1e) Importer(2089858483,192608db42251d675da83286b1cce702)
Start importing Assets/Scripts/DamageIndicator.cs using Guid(513d4f9ac13a3554192057877cf61b1e) Importer(2089858483,192608db42251d675da83286b1cce702) (ScriptedImporter) -> (artifact id: '1933b11ac7c5b18908e2847a392e543d') in 0.0325023 seconds
Number of updated asset objects reloaded before import = 0Number of asset objects unloaded after import = 0

========================================================================
Received Import Request.
  Time since last request: 0.000034 seconds.
  path: Assets/Prefabs/Enemies/NormalTypeEnemy.prefab
  artifactKey: Guid(806f0a84746080140bd493f612f96570) Importer(2089858483,192608db42251d675da83286b1cce702)
Start importing Assets/Prefabs/Enemies/NormalTypeEnemy.prefab using Guid(806f0a84746080140bd493f612f96570) Importer(2089858483,192608db42251d675da83286b1cce702) (ScriptedImporter) -> (artifact id: '036d9a00782c6292e4a977f497a023c8') in 0.4270911 seconds
Number of updated asset objects reloaded before import = 0Number of asset objects unloaded after import = 68

========================================================================
Received Import Request.
  Time since last request: 0.000045 seconds.
  path: Assets/Artwork/UI/Realm Defence - Castle Health - Critical.png
  artifactKey: Guid(d4662b0e58a8118458e0fd653b3a4a2f) Importer(2089858483,192608db42251d675da83286b1cce702)
Start importing Assets/Artwork/UI/Realm Defence - Castle Health - Critical.png using Guid(d4662b0e58a8118458e0fd653b3a4a2f) Importer(2089858483,192608db42251d675da83286b1cce702) (ScriptedImporter) -> (artifact id: '6c1757467fc0cd5701e76b0b0f0e50d3') in 0.1526674 seconds
Number of updated asset objects reloaded before import = 0Number of asset objects unloaded after import = 3

========================================================================
Received Import Request.
  Time since last request: 0.000054 seconds.
  path: Assets/Artwork/UI/Realm Defence - Fire Turret Button - Pressed.png
  artifactKey: Guid(0fe487457635c5e4d89838c579d6fa8d) Importer(2089858483,192608db42251d675da83286b1cce702)
Start importing Assets/Artwork/UI/Realm Defence - Fire Turret Button - Pressed.png using Guid(0fe487457635c5e4d89838c579d6fa8d) Importer(2089858483,192608db42251d675da83286b1cce702) (ScriptedImporter) -> (artifact id: '6f293029992faaababe83443ca82cf89') in 0.1085487 seconds
Number of updated asset objects reloaded before import = 0Number of asset objects unloaded after import = 3

========================================================================
Received Import Request.
  Time since last request: 0.000052 seconds.
  path: Assets/Plaaceholders/5859499.png
  artifactKey: Guid(0219728420c762544bdfc7681cd1e6e5) Importer(2089858483,192608db42251d675da83286b1cce702)
Start importing Assets/Plaaceholders/5859499.png using Guid(0219728420c762544bdfc7681cd1e6e5) Importer(2089858483,192608db42251d675da83286b1cce702) (ScriptedImporter) -> (artifact id: '79ce3d5f910e2c47d9939d512e3e5707') in 0.1130169 seconds
Number of updated asset objects reloaded before import = 0Number of asset objects unloaded after import = 3

========================================================================
Received Import Request.
  Time since last request: 0.000103 seconds.
  path: Assets/Settings/TextMesh Pro/Resources/TMP Settings.asset
  artifactKey: Guid(3f5b5dff67a942289a9defa416b206f3) Importer(2089858483,192608db42251d675da83286b1cce702)
Start importing Assets/Settings/TextMesh Pro/Resources/TMP Settings.asset using Guid(3f5b5dff67a942289a9defa416b206f3) Importer(2089858483,192608db42251d675da83286b1cce702) (ScriptedImporter) -> (artifact id: 'c4f4c387aecc7a7c9ac339c271be8500') in 0.1648047 seconds
Number of updated asset objects reloaded before import = 0Number of asset objects unloaded after import = 15

========================================================================
Received Import Request.
  Time since last request: 0.000045 seconds.
  path: Assets/Audio/Realm Defence - Take Back The City - Burning City Final Version.mp3
  artifactKey: Guid(31f468919f0d6a54e94e2d9c25d64d3b) Importer(2089858483,192608db42251d675da83286b1cce702)
Start importing Assets/Audio/Realm Defence - Take Back The City - Burning City Final Version.mp3 using Guid(31f468919f0d6a54e94e2d9c25d64d3b) Importer(2089858483,192608db42251d675da83286b1cce702) (ScriptedImporter) -> (artifact id: '47aa004b66ba5657015d10b6b5372920') in 0.2943449 seconds
Number of updated asset objects reloaded before import = 0Number of asset objects unloaded after import = 1

========================================================================
Received Import Request.
  Time since last request: 0.000055 seconds.
  path: Assets/Artwork/UI/Realm Defence - Play Button - Normal.png
  artifactKey: Guid(e45525a442045e94b9f21fd31385c0fa) Importer(2089858483,192608db42251d675da83286b1cce702)
Start importing Assets/Artwork/UI/Realm Defence - Play Button - Normal.png using Guid(e45525a442045e94b9f21fd31385c0fa) Importer(2089858483,192608db42251d675da83286b1cce702) (ScriptedImporter) -> (artifact id: '30b4b8ab928eb86610adb3059f736411') in 0.0999527 seconds
Number of updated asset objects reloaded before import = 0Number of asset objects unloaded after import = 3

========================================================================
Received Import Request.
  Time since last request: 0.000041 seconds.
  path: Assets/Settings/TextMesh Pro/Shaders/TMP_Bitmap.shader
  artifactKey: Guid(128e987d567d4e2c824d754223b3f3b0) Importer(2089858483,192608db42251d675da83286b1cce702)
Start importing Assets/Settings/TextMesh Pro/Shaders/TMP_Bitmap.shader using Guid(128e987d567d4e2c824d754223b3f3b0) Importer(2089858483,192608db42251d675da83286b1cce702) (ScriptedImporter) -> (artifact id: 'e54d6cf55ce32ef286fa7a4816e4d5f5') in 0.0541643 seconds
Number of updated asset objects reloaded before import = 0Number of asset objects unloaded after import = 1

========================================================================
Received Import Request.
  Time since last request: 0.000049 seconds.
  path: Assets/Settings/TextMesh Pro/Shaders/TMP_Bitmap-Mobile.shader
  artifactKey: Guid(1e3b057af24249748ff873be7fafee47) Importer(2089858483,192608db42251d675da83286b1cce702)
Start importing Assets/Settings/TextMesh Pro/Shaders/TMP_Bitmap-Mobile.shader using Guid(1e3b057af24249748ff873be7fafee47) Importer(2089858483,192608db42251d675da83286b1cce702) (ScriptedImporter) -> (artifact id: '33cf47dadbd46a2201ef7e84252789e1') in 0.0565337 seconds
Number of updated asset objects reloaded before import = 0Number of asset objects unloaded after import = 1

========================================================================
Received Import Request.
  Time since last request: 0.000039 seconds.
  path: Assets/Settings/TextMesh Pro/Shaders/TMP_SDF SSD.shader
  artifactKey: Guid(14eb328de4b8eb245bb7cea29e4ac00b) Importer(2089858483,192608db42251d675da83286b1cce702)
Start importing Assets/Settings/TextMesh Pro/Shaders/TMP_SDF SSD.shader using Guid(14eb328de4b8eb245bb7cea29e4ac00b) Importer(2089858483,192608db42251d675da83286b1cce702) (ScriptedImporter) -> (artifact id: 'a54e9632532ca720995f77c0c6f8060f') in 0.0484729 seconds
Number of updated asset objects reloaded before import = 0Number of asset objects unloaded after import = 1

========================================================================
Received Import Request.
  Time since last request: 0.000052 seconds.
  path: Assets/Scripts/LevelManager.cs
  artifactKey: Guid(7fc6e0229f244e040b29d257ff5ec6cb) Importer(2089858483,192608db42251d675da83286b1cce702)
Start importing Assets/Scripts/LevelManager.cs using Guid(7fc6e0229f244e040b29d257ff5ec6cb) Importer(2089858483,192608db42251d675da83286b1cce702) (ScriptedImporter) -> (artifact id: '65bcdf1d545d08363df265a43cd2c85a') in 0.0266059 seconds
Number of updated asset objects reloaded before import = 0Number of asset objects unloaded after import = 0

========================================================================
Received Import Request.
  Time since last request: 0.000042 seconds.
  path: Assets/Settings/TextMesh Pro/Fonts/LiberationSans - OFL.txt
  artifactKey: Guid(6e59c59b81ab47f9b6ec5781fa725d2c) Importer(2089858483,192608db42251d675da83286b1cce702)
Start importing Assets/Settings/TextMesh Pro/Fonts/LiberationSans - OFL.txt using Guid(6e59c59b81ab47f9b6ec5781fa725d2c) Importer(2089858483,192608db42251d675da83286b1cce702) (ScriptedImporter) -> (artifact id: '0248e10b42e71622e1fb535bd8a76b0e') in 0.0309655 seconds
Number of updated asset objects reloaded before import = 0Number of asset objects unloaded after import = 1

========================================================================
Received Import Request.
  Time since last request: 0.000042 seconds.
  path: Assets/Settings/TextMesh Pro/Shaders/TMP_SDF-Mobile SSD.shader
  artifactKey: Guid(c8d12adcee749c344b8117cf7c7eb912) Importer(2089858483,192608db42251d675da83286b1cce702)
Start importing Assets/Settings/TextMesh Pro/Shaders/TMP_SDF-Mobile SSD.shader using Guid(c8d12adcee749c344b8117cf7c7eb912) Importer(2089858483,192608db42251d675da83286b1cce702) (ScriptedImporter) -> (artifact id: '209e29f2cee9e2cc6e6541361ac9a6f0') in 0.0360217 seconds
Number of updated asset objects reloaded before import = 0Number of asset objects unloaded after import = 1

========================================================================
Received Import Request.
  Time since last request: 0.000134 seconds.
  path: Assets/Artwork/UI/Realm Defence - Stats Button - Normal.png
  artifactKey: Guid(ffbc2824141949e4c91fc4efaf454102) Importer(2089858483,192608db42251d675da83286b1cce702)
Start importing Assets/Artwork/UI/Realm Defence - Stats Button - Normal.png using Guid(ffbc2824141949e4c91fc4efaf454102) Importer(2089858483,192608db42251d675da83286b1cce702) (ScriptedImporter) -> (artifact id: 'aa79866e0f39f802f7b9105449ec2478') in 0.1013498 seconds
Number of updated asset objects reloaded before import = 0Number of asset objects unloaded after import = 3

========================================================================
Received Import Request.
  Time since last request: 0.000045 seconds.
  path: Assets/Settings/TextMesh Pro/Shaders/TMP_SDF-URP Lit.shadergraph
  artifactKey: Guid(a3d800b099a06e0478fb790c5e79057a) Importer(2089858483,192608db42251d675da83286b1cce702)
Start importing Assets/Settings/TextMesh Pro/Shaders/TMP_SDF-URP Lit.shadergraph using Guid(a3d800b099a06e0478fb790c5e79057a) Importer(2089858483,192608db42251d675da83286b1cce702) (ScriptedImporter) -> (artifact id: 'efdf14fe2dbc12fdceb7bd65627855c3') in 0.9144606 seconds
Number of updated asset objects reloaded before import = 0Number of asset objects unloaded after import = 4

========================================================================
Received Import Request.
  Time since last request: 0.000050 seconds.
  path: Assets/Settings/TextMesh Pro/Resources/Fonts & Materials/LiberationSans SDF - Fallback.asset
  artifactKey: Guid(2e498d1c8094910479dc3e1b768306a4) Importer(2089858483,192608db42251d675da83286b1cce702)
Start importing Assets/Settings/TextMesh Pro/Resources/Fonts & Materials/LiberationSans SDF - Fallback.asset using Guid(2e498d1c8094910479dc3e1b768306a4) Importer(2089858483,192608db42251d675da83286b1cce702) (ScriptedImporter) -> (artifact id: '95fa6b788a135d87e9b93e52eccf6054') in 0.1429655 seconds
Number of updated asset objects reloaded before import = 0Number of asset objects unloaded after import = 5

========================================================================
Received Import Request.
  Time since last request: 0.000041 seconds.
  path: Assets/Settings/InputSystem_Actions.inputactions
  artifactKey: Guid(2bcd2660ca9b64942af0de543d8d7100) Importer(2089858483,192608db42251d675da83286b1cce702)
Start importing Assets/Settings/InputSystem_Actions.inputactions using Guid(2bcd2660ca9b64942af0de543d8d7100) Importer(2089858483,192608db42251d675da83286b1cce702) (ScriptedImporter) -> (artifact id: 'e513fa28b19614c5170948426e189c0a') in 0.9299064 seconds
Number of updated asset objects reloaded before import = 0Number of asset objects unloaded after import = 21

========================================================================
Received Import Request.
  Time since last request: 0.000049 seconds.
  path: Assets/Artwork/Start Screen.png
  artifactKey: Guid(2d2b1a81dc8a68c4c8db09677365137a) Importer(2089858483,192608db42251d675da83286b1cce702)
Start importing Assets/Artwork/Start Screen.png using Guid(2d2b1a81dc8a68c4c8db09677365137a) Importer(2089858483,192608db42251d675da83286b1cce702) (ScriptedImporter) -> (artifact id: '2165ea8b4d91bc979baf78b632dbe0e8') in 0.103757 seconds
Number of updated asset objects reloaded before import = 0Number of asset objects unloaded after import = 3

========================================================================
Received Import Request.
  Time since last request: 0.001014 seconds.
  path: Assets/Artwork/UI/Realm Defence - Electric Element.png
  artifactKey: Guid(33652766bb4696648be163e9f0f59a6c) Importer(2089858483,192608db42251d675da83286b1cce702)
Start importing Assets/Artwork/UI/Realm Defence - Electric Element.png using Guid(33652766bb4696648be163e9f0f59a6c) Importer(2089858483,192608db42251d675da83286b1cce702) (ScriptedImporter) -> (artifact id: '1815facb28c0173d78e21835dff05908') in 0.0839191 seconds
Number of updated asset objects reloaded before import = 0Number of asset objects unloaded after import = 3

========================================================================
Received Import Request.
  Time since last request: 0.000053 seconds.
  path: Assets/Artwork/UI/Realm Defence - Pause Button - Pressed.png
  artifactKey: Guid(067adc0cc94d92446a7e53a80c7bae12) Importer(2089858483,192608db42251d675da83286b1cce702)
Start importing Assets/Artwork/UI/Realm Defence - Pause Button - Pressed.png using Guid(067adc0cc94d92446a7e53a80c7bae12) Importer(2089858483,192608db42251d675da83286b1cce702) (ScriptedImporter) -> (artifact id: '5933c167ef69ef969ba911e744c8772c') in 0.0728914 seconds
Number of updated asset objects reloaded before import = 0Number of asset objects unloaded after import = 3

========================================================================
Received Import Request.
  Time since last request: 0.000040 seconds.
  path: Assets/Prefabs/Healthbar.prefab
  artifactKey: Guid(49057708233a50e4b91231600dc8dbf8) Importer(2089858483,192608db42251d675da83286b1cce702)
Start importing Assets/Prefabs/Healthbar.prefab using Guid(49057708233a50e4b91231600dc8dbf8) Importer(2089858483,192608db42251d675da83286b1cce702) (ScriptedImporter) -> (artifact id: '8f701269e53dd1cf0bf78df369f2c3ef') in 0.107303 seconds
Number of updated asset objects reloaded before import = 0Number of asset objects unloaded after import = 18

========================================================================
Received Import Request.
  Time since last request: 0.000054 seconds.
  path: Assets/Scripts/Healthbar.cs
  artifactKey: Guid(67d574d95a5b0f74c8b14a15a9a17794) Importer(2089858483,192608db42251d675da83286b1cce702)
Start importing Assets/Scripts/Healthbar.cs using Guid(67d574d95a5b0f74c8b14a15a9a17794) Importer(2089858483,192608db42251d675da83286b1cce702) (ScriptedImporter) -> (artifact id: '3d4f8149ead0208e682c538f5df23516') in 0.0492976 seconds
Number of updated asset objects reloaded before import = 0Number of asset objects unloaded after import = 0

========================================================================
Received Import Request.
  Time since last request: 0.000056 seconds.
  path: Assets/Settings/TextMesh Pro/Shaders/TMP_SDF-Mobile Overlay.shader
  artifactKey: Guid(a02a7d8c237544f1962732b55a9aebf1) Importer(2089858483,192608db42251d675da83286b1cce702)
Start importing Assets/Settings/TextMesh Pro/Shaders/TMP_SDF-Mobile Overlay.shader using Guid(a02a7d8c237544f1962732b55a9aebf1) Importer(2089858483,192608db42251d675da83286b1cce702) (ScriptedImporter) -> (artifact id: '11b7023a7d0058f9730c3d2b4025d6b9') in 0.0402304 seconds
Number of updated asset objects reloaded before import = 0Number of asset objects unloaded after import = 1

========================================================================
Received Import Request.
  Time since last request: 0.000039 seconds.
  path: Assets/Artwork/UI/Realm Defence - Start Button - Pressed.png
  artifactKey: Guid(c7dda403e673e314d9303248b2e9eadc) Importer(2089858483,192608db42251d675da83286b1cce702)
Start importing Assets/Artwork/UI/Realm Defence - Start Button - Pressed.png using Guid(c7dda403e673e314d9303248b2e9eadc) Importer(2089858483,192608db42251d675da83286b1cce702) (ScriptedImporter) -> (artifact id: '4a6e2a1dac26c89bc13767273c7a52e8') in 0.1008854 seconds
Number of updated asset objects reloaded before import = 0Number of asset objects unloaded after import = 3

========================================================================
Received Import Request.
  Time since last request: 0.000042 seconds.
  path: Assets/Artwork/UI/Realm Defence - Shop Button - Inactive.png
  artifactKey: Guid(0db068d0f5fd20747a7ff90e896b8ca6) Importer(2089858483,192608db42251d675da83286b1cce702)
Start importing Assets/Artwork/UI/Realm Defence - Shop Button - Inactive.png using Guid(0db068d0f5fd20747a7ff90e896b8ca6) Importer(2089858483,192608db42251d675da83286b1cce702) (ScriptedImporter) -> (artifact id: '93582c1feef62c982238cc3f7de9fc03') in 0.0795796 seconds
Number of updated asset objects reloaded before import = 0Number of asset objects unloaded after import = 3

========================================================================
Received Import Request.
  Time since last request: 0.000054 seconds.
  path: Assets/Prefabs/Turrets/Water Turret.prefab
  artifactKey: Guid(f61b40d45c764da44a0c14549cd46ed7) Importer(2089858483,192608db42251d675da83286b1cce702)
Start importing Assets/Prefabs/Turrets/Water Turret.prefab using Guid(f61b40d45c764da44a0c14549cd46ed7) Importer(2089858483,192608db42251d675da83286b1cce702) (ScriptedImporter) -> (artifact id: '18e6df62c96eb0bc60f09ad08b665431') in 0.0971528 seconds
Number of updated asset objects reloaded before import = 0Number of asset objects unloaded after import = 27

========================================================================
Received Import Request.
  Time since last request: 0.000076 seconds.
  path: Assets/Artwork/UI/Realm Defence - Shop Button - Pressed.png
  artifactKey: Guid(113f3cf8f016bbc4788da8e25c9c255a) Importer(2089858483,192608db42251d675da83286b1cce702)
Start importing Assets/Artwork/UI/Realm Defence - Shop Button - Pressed.png using Guid(113f3cf8f016bbc4788da8e25c9c255a) Importer(2089858483,192608db42251d675da83286b1cce702) (ScriptedImporter) -> (artifact id: 'a50212a6af099b5463921eedbda5c0f2') in 0.0875482 seconds
Number of updated asset objects reloaded before import = 0Number of asset objects unloaded after import = 3

========================================================================
Received Import Request.
  Time since last request: 0.000060 seconds.
  path: Assets/Audio/Realm Defence  - Main Menu OST MP3 Mixed and Mastered V2.mp3
  artifactKey: Guid(be6df5b48a99d054db50c93679b7c2dd) Importer(2089858483,192608db42251d675da83286b1cce702)
Start importing Assets/Audio/Realm Defence  - Main Menu OST MP3 Mixed and Mastered V2.mp3 using Guid(be6df5b48a99d054db50c93679b7c2dd) Importer(2089858483,192608db42251d675da83286b1cce702) (ScriptedImporter) -> (artifact id: 'adbf8984d98443a4abe9f99ddf8129f8') in 0.2731299 seconds
Number of updated asset objects reloaded before import = 0Number of asset objects unloaded after import = 1

========================================================================
Received Import Request.
  Time since last request: 0.000188 seconds.
  path: Assets/Scripts/PlaceHolderEnemyScript.cs
  artifactKey: Guid(e49cbfd673019524d9ba1824e1afd1bc) Importer(2089858483,192608db42251d675da83286b1cce702)
Start importing Assets/Scripts/PlaceHolderEnemyScript.cs using Guid(e49cbfd673019524d9ba1824e1afd1bc) Importer(2089858483,192608db42251d675da83286b1cce702) (ScriptedImporter) -> (artifact id: '226f3257187845c68602e21880d821b9') in 0.0491266 seconds
Number of updated asset objects reloaded before import = 0Number of asset objects unloaded after import = 0

========================================================================
Received Import Request.
  Time since last request: 0.000068 seconds.
  path: Assets/Scenes/Start.unity
  artifactKey: Guid(0d21ba13c006eab459284fb4d1b33b6e) Importer(2089858483,192608db42251d675da83286b1cce702)
Start importing Assets/Scenes/Start.unity using Guid(0d21ba13c006eab459284fb4d1b33b6e) Importer(2089858483,192608db42251d675da83286b1cce702) (ScriptedImporter) -> (artifact id: '1e8c704c1c6da562d2075bc7004603e8') in 0.0747392 seconds
Number of updated asset objects reloaded before import = 0Number of asset objects unloaded after import = 1

========================================================================
Received Import Request.
  Time since last request: 0.000076 seconds.
  path: Assets/Artwork/UI/Realm Defence - Castle Health - Low.png
  artifactKey: Guid(8da05893fc4de8841828815c26231c62) Importer(2089858483,192608db42251d675da83286b1cce702)
Start importing Assets/Artwork/UI/Realm Defence - Castle Health - Low.png using Guid(8da05893fc4de8841828815c26231c62) Importer(2089858483,192608db42251d675da83286b1cce702) (ScriptedImporter) -> (artifact id: '5ee515ea2f1e10e9e4a425d02d0c26e1') in 0.091102 seconds
Number of updated asset objects reloaded before import = 0Number of asset objects unloaded after import = 3

========================================================================
Received Import Request.
  Time since last request: 0.000059 seconds.
  path: Assets/Scripts/DestroyParticle.cs
  artifactKey: Guid(faf575f3989faa74aba2a5ab4d0d0919) Importer(2089858483,192608db42251d675da83286b1cce702)
Start importing Assets/Scripts/DestroyParticle.cs using Guid(faf575f3989faa74aba2a5ab4d0d0919) Importer(2089858483,192608db42251d675da83286b1cce702) (ScriptedImporter) -> (artifact id: '94dc2c8dec134740153fcc1c5d7fa061') in 0.0328368 seconds
Number of updated asset objects reloaded before import = 0Number of asset objects unloaded after import = 0

========================================================================
Received Import Request.
  Time since last request: 0.000034 seconds.
  path: Assets/Artwork/Enemy/enemy 2 Cloaked Spirit Demon.png
  artifactKey: Guid(fe235b7e84e32a442b056a30df31b1ed) Importer(2089858483,192608db42251d675da83286b1cce702)
Start importing Assets/Artwork/Enemy/enemy 2 Cloaked Spirit Demon.png using Guid(fe235b7e84e32a442b056a30df31b1ed) Importer(2089858483,192608db42251d675da83286b1cce702) (ScriptedImporter) -> (artifact id: '69841e86976dfb90f3026a44efaa38b5') in 0.0691405 seconds
Number of updated asset objects reloaded before import = 0Number of asset objects unloaded after import = 3

========================================================================
Received Import Request.
  Time since last request: 0.000053 seconds.
  path: Assets/Artwork/UI/Realm Defence - Standard Turret Button - Normal.png
  artifactKey: Guid(e7657c85dd37f17438d20d75b9441aba) Importer(2089858483,192608db42251d675da83286b1cce702)
Start importing Assets/Artwork/UI/Realm Defence - Standard Turret Button - Normal.png using Guid(e7657c85dd37f17438d20d75b9441aba) Importer(2089858483,192608db42251d675da83286b1cce702) (ScriptedImporter) -> (artifact id: '4e4169ccff55ea4fc83b3282cab717e8') in 0.2036186 seconds
Number of updated asset objects reloaded before import = 0Number of asset objects unloaded after import = 3

========================================================================
Received Import Request.
  Time since last request: 0.000049 seconds.
  path: Assets/Prefabs/Turrets/Fire Turret.prefab
  artifactKey: Guid(435c9623361906945a6126111a2a041d) Importer(2089858483,192608db42251d675da83286b1cce702)
Start importing Assets/Prefabs/Turrets/Fire Turret.prefab using Guid(435c9623361906945a6126111a2a041d) Importer(2089858483,192608db42251d675da83286b1cce702) (ScriptedImporter) -> (artifact id: 'a819f6a2817b5bf7ca779354573e395e') in 0.071765 seconds
Number of updated asset objects reloaded before import = 0Number of asset objects unloaded after import = 34

========================================================================
Received Import Request.
  Time since last request: 0.000041 seconds.
  path: Assets/Settings/TextMesh Pro/Resources/Fonts & Materials/LiberationSans SDF - Drop Shadow.mat
  artifactKey: Guid(e73a58f6e2794ae7b1b7e50b7fb811b0) Importer(2089858483,192608db42251d675da83286b1cce702)
Start importing Assets/Settings/TextMesh Pro/Resources/Fonts & Materials/LiberationSans SDF - Drop Shadow.mat using Guid(e73a58f6e2794ae7b1b7e50b7fb811b0) Importer(2089858483,192608db42251d675da83286b1cce702) (ScriptedImporter) -> (artifact id: 'cbb6a72f9af534203e18b2e5b32ff531') in 0.0914851 seconds
Number of updated asset objects reloaded before import = 0Number of asset objects unloaded after import = 2

========================================================================
Received Import Request.
  Time since last request: 0.000052 seconds.
  path: Assets/Scripts/Fire.cs
  artifactKey: Guid(d0666c8c8db356f49985c5d497073f57) Importer(2089858483,192608db42251d675da83286b1cce702)
Start importing Assets/Scripts/Fire.cs using Guid(d0666c8c8db356f49985c5d497073f57) Importer(2089858483,192608db42251d675da83286b1cce702) (ScriptedImporter) -> (artifact id: '008e795d90255fdb47991ecb8672a4f6') in 0.0516858 seconds
Number of updated asset objects reloaded before import = 0Number of asset objects unloaded after import = 0

========================================================================
Received Import Request.
  Time since last request: 0.000037 seconds.
  path: Assets/Settings/TextMesh Pro/Sprites/EmojiOne.png
  artifactKey: Guid(dffef66376be4fa480fb02b19edbe903) Importer(2089858483,192608db42251d675da83286b1cce702)
Start importing Assets/Settings/TextMesh Pro/Sprites/EmojiOne.png using Guid(dffef66376be4fa480fb02b19edbe903) Importer(2089858483,192608db42251d675da83286b1cce702) (ScriptedImporter) -> (artifact id: 'd7fc914fc4851fea4869e6e5c5962644') in 0.0699192 seconds
Number of updated asset objects reloaded before import = 0Number of asset objects unloaded after import = 1

========================================================================
Received Import Request.
  Time since last request: 0.000045 seconds.
  path: Assets/Artwork/UI/Realm Defence - Back to Hub Button - Normal.png
  artifactKey: Guid(1c7757a8c64b8be43a336ef288706420) Importer(2089858483,192608db42251d675da83286b1cce702)
Start importing Assets/Artwork/UI/Realm Defence - Back to Hub Button - Normal.png using Guid(1c7757a8c64b8be43a336ef288706420) Importer(2089858483,192608db42251d675da83286b1cce702) (ScriptedImporter) -> (artifact id: 'c8023cdb98dccdde0055c60ec59c8656') in 0.0768989 seconds
Number of updated asset objects reloaded before import = 0Number of asset objects unloaded after import = 3

========================================================================
Received Import Request.
  Time since last request: 0.000052 seconds.
  path: Assets/Settings/TextMesh Pro/Shaders/TMP_Bitmap-Custom-Atlas.shader
  artifactKey: Guid(48bb5f55d8670e349b6e614913f9d910) Importer(2089858483,192608db42251d675da83286b1cce702)
Start importing Assets/Settings/TextMesh Pro/Shaders/TMP_Bitmap-Custom-Atlas.shader using Guid(48bb5f55d8670e349b6e614913f9d910) Importer(2089858483,192608db42251d675da83286b1cce702) (ScriptedImporter) -> (artifact id: '03570a0aa431b43632c16aa0d4494304') in 0.0743529 seconds
Number of updated asset objects reloaded before import = 0Number of asset objects unloaded after import = 1

========================================================================
Received Import Request.
  Time since last request: 0.000038 seconds.
  path: Assets/Artwork/UI/Realm Defence - Stats Button - Pressed.png
  artifactKey: Guid(efa690bc7827094488a3d9b6797b59d0) Importer(2089858483,192608db42251d675da83286b1cce702)
Start importing Assets/Artwork/UI/Realm Defence - Stats Button - Pressed.png using Guid(efa690bc7827094488a3d9b6797b59d0) Importer(2089858483,192608db42251d675da83286b1cce702) (ScriptedImporter) -> (artifact id: 'ad766d05e744738cef7febe63ad574fe') in 0.1055435 seconds
Number of updated asset objects reloaded before import = 0Number of asset objects unloaded after import = 3

========================================================================
Received Import Request.
  Time since last request: 0.000044 seconds.
  path: Assets/Scripts/TurretSpot.cs
  artifactKey: Guid(05e0bb989db802048b202cefe1772976) Importer(2089858483,192608db42251d675da83286b1cce702)
Start importing Assets/Scripts/TurretSpot.cs using Guid(05e0bb989db802048b202cefe1772976) Importer(2089858483,192608db42251d675da83286b1cce702) (ScriptedImporter) -> (artifact id: '0faf8edc0bfbca0ddab460221fc31bfd') in 0.0787339 seconds
Number of updated asset objects reloaded before import = 0Number of asset objects unloaded after import = 0

========================================================================
Received Import Request.
  Time since last request: 0.000059 seconds.
  path: Assets/Artwork/Enemy/enemy 1 orc.png
  artifactKey: Guid(c7bb787b4d269e2469a6509d19cda87b) Importer(2089858483,192608db42251d675da83286b1cce702)
Start importing Assets/Artwork/Enemy/enemy 1 orc.png using Guid(c7bb787b4d269e2469a6509d19cda87b) Importer(2089858483,192608db42251d675da83286b1cce702) (ScriptedImporter) -> (artifact id: 'c79d44c36e9b4d5d8e8667879cbfacef') in 0.1244631 seconds
Number of updated asset objects reloaded before import = 0Number of asset objects unloaded after import = 4

========================================================================
Received Import Request.
  Time since last request: 0.000041 seconds.
  path: Assets/Artwork/Units/water_Back_Shoot.png
  artifactKey: Guid(0aa049009d0e45d479107ad6a4f2f0c3) Importer(2089858483,192608db42251d675da83286b1cce702)
Start importing Assets/Artwork/Units/water_Back_Shoot.png using Guid(0aa049009d0e45d479107ad6a4f2f0c3) Importer(2089858483,192608db42251d675da83286b1cce702) (ScriptedImporter) -> (artifact id: '9aaea63fe7aa024f318c8ee59396b12c') in 0.1260576 seconds
Number of updated asset objects reloaded before import = 0Number of asset objects unloaded after import = 7

========================================================================
Received Import Request.
  Time since last request: 0.000050 seconds.
  path: Assets/Scripts/TurretUIManager.cs
  artifactKey: Guid(97e8742730ee0894bbd66d9e70a8d2e4) Importer(2089858483,192608db42251d675da83286b1cce702)
Start importing Assets/Scripts/TurretUIManager.cs using Guid(97e8742730ee0894bbd66d9e70a8d2e4) Importer(2089858483,192608db42251d675da83286b1cce702) (ScriptedImporter) -> (artifact id: '7ea33e37ca451399a3a48162c7b52a76') in 0.0248718 seconds
Number of updated asset objects reloaded before import = 0Number of asset objects unloaded after import = 0

========================================================================
Received Import Request.
  Time since last request: 0.000039 seconds.
  path: Assets/Artwork/UI/Realm Defence - Water Status Effect.png
  artifactKey: Guid(be8cdf3f54c890b438f69c2be2cbd48b) Importer(2089858483,192608db42251d675da83286b1cce702)
Start importing Assets/Artwork/UI/Realm Defence - Water Status Effect.png using Guid(be8cdf3f54c890b438f69c2be2cbd48b) Importer(2089858483,192608db42251d675da83286b1cce702) (ScriptedImporter) -> (artifact id: 'e3842b5c2c47483b78f0c9354ef472fb') in 0.0649961 seconds
Number of updated asset objects reloaded before import = 0Number of asset objects unloaded after import = 3

========================================================================
Received Import Request.
  Time since last request: 0.000041 seconds.
  path: Assets/TurretTypes/StandardUnit.asset
  artifactKey: Guid(a30de1dd8172c844094262670a8af868) Importer(2089858483,192608db42251d675da83286b1cce702)
Start importing Assets/TurretTypes/StandardUnit.asset using Guid(a30de1dd8172c844094262670a8af868) Importer(2089858483,192608db42251d675da83286b1cce702) (ScriptedImporter) -> (artifact id: 'e7b99bda3d6bc2727c6d62c2ae6b417a') in 0.0301612 seconds
Number of updated asset objects reloaded before import = 0Number of asset objects unloaded after import = 9

========================================================================
Received Import Request.
  Time since last request: 0.000054 seconds.
  path: Assets/Settings/TextMesh Pro/Shaders/TMP_SDF-Mobile-2-Pass.shader
  artifactKey: Guid(0178fcb869bafef4690d177d31d17db8) Importer(2089858483,192608db42251d675da83286b1cce702)
Start importing Assets/Settings/TextMesh Pro/Shaders/TMP_SDF-Mobile-2-Pass.shader using Guid(0178fcb869bafef4690d177d31d17db8) Importer(2089858483,192608db42251d675da83286b1cce702) (ScriptedImporter) -> (artifact id: 'c199c93c70a1b96574387f564b3ead0c') in 0.0473903 seconds
Number of updated asset objects reloaded before import = 0Number of asset objects unloaded after import = 1

========================================================================
Received Import Request.
  Time since last request: 0.000037 seconds.
  path: Assets/Plaaceholders/lineup-re4-ge.jpg
  artifactKey: Guid(0d1b90b27848f774eb840b3614dc0a3d) Importer(2089858483,192608db42251d675da83286b1cce702)
Start importing Assets/Plaaceholders/lineup-re4-ge.jpg using Guid(0d1b90b27848f774eb840b3614dc0a3d) Importer(2089858483,192608db42251d675da83286b1cce702) (ScriptedImporter) -> (artifact id: 'ec4b8e6110c23c3bcf8c8bf341df788e') in 0.1345513 seconds
Number of updated asset objects reloaded before import = 0Number of asset objects unloaded after import = 3

========================================================================
Received Import Request.
  Time since last request: 0.000041 seconds.
  path: Assets/Artwork/Units/Water_Tower.png
  artifactKey: Guid(28e79717347b86740bedf5749ea630e6) Importer(2089858483,192608db42251d675da83286b1cce702)
Start importing Assets/Artwork/Units/Water_Tower.png using Guid(28e79717347b86740bedf5749ea630e6) Importer(2089858483,192608db42251d675da83286b1cce702) (ScriptedImporter) -> (artifact id: 'b8b3ade717fc583727fd1c0432fc2172') in 0.0854533 seconds
Number of updated asset objects reloaded before import = 0Number of asset objects unloaded after import = 5

========================================================================
Received Import Request.
  Time since last request: 0.000056 seconds.
  path: Assets/Artwork/Realm Defence - Castle Wall Very Cracked.png
  artifactKey: Guid(e76e6917a48eae04aa89fd2df668329c) Importer(2089858483,192608db42251d675da83286b1cce702)
Start importing Assets/Artwork/Realm Defence - Castle Wall Very Cracked.png using Guid(e76e6917a48eae04aa89fd2df668329c) Importer(2089858483,192608db42251d675da83286b1cce702) (ScriptedImporter) -> (artifact id: 'a8e57213b2b9bd49e67f268f79c68af8') in 0.0952591 seconds
Number of updated asset objects reloaded before import = 0Number of asset objects unloaded after import = 3

========================================================================
Received Import Request.
  Time since last request: 0.000043 seconds.
  path: Assets/Settings/Lit2DSceneTemplate.scenetemplate
  artifactKey: Guid(d03ed43fc9d8a4f2e9fa70c1c7916eb9) Importer(2089858483,192608db42251d675da83286b1cce702)
Start importing Assets/Settings/Lit2DSceneTemplate.scenetemplate using Guid(d03ed43fc9d8a4f2e9fa70c1c7916eb9) Importer(2089858483,192608db42251d675da83286b1cce702) (ScriptedImporter) -> (artifact id: '301a8a692e609f84978da04ad6d79a7c') in 0.1798079 seconds
Number of updated asset objects reloaded before import = 0Number of asset objects unloaded after import = 3

========================================================================
Received Import Request.
  Time since last request: 0.000060 seconds.
  path: Assets/Artwork/UI/Realm Defence - Retry Button - Pressed.png
  artifactKey: Guid(1e392ffb1f5925346a6059fe0fd67d1e) Importer(2089858483,192608db42251d675da83286b1cce702)
Start importing Assets/Artwork/UI/Realm Defence - Retry Button - Pressed.png using Guid(1e392ffb1f5925346a6059fe0fd67d1e) Importer(2089858483,192608db42251d675da83286b1cce702) (ScriptedImporter) -> (artifact id: '420baabe26e17a2604afa3b5c76f58f1') in 0.08475 seconds
Number of updated asset objects reloaded before import = 0Number of asset objects unloaded after import = 3

========================================================================
Received Import Request.
  Time since last request: 0.000041 seconds.
  path: Assets/Artwork/sword.png
  artifactKey: Guid(91237aa0681e7664b9a54b3313636bf5) Importer(2089858483,192608db42251d675da83286b1cce702)
Start importing Assets/Artwork/sword.png using Guid(91237aa0681e7664b9a54b3313636bf5) Importer(2089858483,192608db42251d675da83286b1cce702) (ScriptedImporter) -> (artifact id: 'e96fb4a1096a731f64963cb3c7378517') in 0.1059067 seconds
Number of updated asset objects reloaded before import = 0Number of asset objects unloaded after import = 3

========================================================================
Received Import Request.
  Time since last request: 0.000105 seconds.
  path: Assets/Scripts/ButtonSoundAssigner.cs
  artifactKey: Guid(7b7cd11c74c63e441a59e01e7729c3e3) Importer(2089858483,192608db42251d675da83286b1cce702)
Start importing Assets/Scripts/ButtonSoundAssigner.cs using Guid(7b7cd11c74c63e441a59e01e7729c3e3) Importer(2089858483,192608db42251d675da83286b1cce702) (ScriptedImporter) -> (artifact id: '414f43bdbdeb35e8fbe80c39955774df') in 0.1055805 seconds
Number of updated asset objects reloaded before import = 0Number of asset objects unloaded after import = 0

========================================================================
Received Import Request.
  Time since last request: 0.000044 seconds.
  path: Assets/Artwork/UI/Realm Defence - Back to Hub Button - Pressed.png
  artifactKey: Guid(1cb774a81fb339f41b42ca84374b1c5a) Importer(2089858483,192608db42251d675da83286b1cce702)
Start importing Assets/Artwork/UI/Realm Defence - Back to Hub Button - Pressed.png using Guid(1cb774a81fb339f41b42ca84374b1c5a) Importer(2089858483,192608db42251d675da83286b1cce702) (ScriptedImporter) -> (artifact id: '356af6a7f5a0718e56f4e0976df412dd') in 0.09177 seconds
Number of updated asset objects reloaded before import = 0Number of asset objects unloaded after import = 3

========================================================================
Received Import Request.
  Time since last request: 0.000072 seconds.
  path: Assets/Scripts/ScoreTracker.cs
  artifactKey: Guid(9c1766cee66a6de44875e3656a5d651f) Importer(2089858483,192608db42251d675da83286b1cce702)
Start importing Assets/Scripts/ScoreTracker.cs using Guid(9c1766cee66a6de44875e3656a5d651f) Importer(2089858483,192608db42251d675da83286b1cce702) (ScriptedImporter) -> (artifact id: 'dab7a7e40d7326f116e44436dac196b7') in 0.0816208 seconds
Number of updated asset objects reloaded before import = 0Number of asset objects unloaded after import = 0

========================================================================
Received Import Request.
  Time since last request: 0.000034 seconds.
  path: Assets/Settings/TextMesh Pro/Shaders/TMP_SDF-Mobile Masking.shader
  artifactKey: Guid(bc1ede39bf3643ee8e493720e4259791) Importer(2089858483,192608db42251d675da83286b1cce702)
Start importing Assets/Settings/TextMesh Pro/Shaders/TMP_SDF-Mobile Masking.shader using Guid(bc1ede39bf3643ee8e493720e4259791) Importer(2089858483,192608db42251d675da83286b1cce702) (ScriptedImporter) -> (artifact id: '64cd95febe21c71a5c712f39ed566bec') in 0.0437866 seconds
Number of updated asset objects reloaded before import = 0Number of asset objects unloaded after import = 1

========================================================================
Received Import Request.
  Time since last request: 0.000041 seconds.
  path: Assets/Scripts/Bullet.cs
  artifactKey: Guid(1ba7614b7e9e15448954c8eef2680204) Importer(2089858483,192608db42251d675da83286b1cce702)
Start importing Assets/Scripts/Bullet.cs using Guid(1ba7614b7e9e15448954c8eef2680204) Importer(2089858483,192608db42251d675da83286b1cce702) (ScriptedImporter) -> (artifact id: 'dbda43d2a4d112e741fe2e985a74c58d') in 0.2040639 seconds
Number of updated asset objects reloaded before import = 0Number of asset objects unloaded after import = 0

========================================================================
Received Import Request.
  Time since last request: 0.000049 seconds.
  path: Assets/Artwork/Realm Defence - Castle Wall.png
  artifactKey: Guid(283dd9f2bc8de0a4ea9b08bf13d64f44) Importer(2089858483,192608db42251d675da83286b1cce702)
Start importing Assets/Artwork/Realm Defence - Castle Wall.png using Guid(283dd9f2bc8de0a4ea9b08bf13d64f44) Importer(2089858483,192608db42251d675da83286b1cce702) (ScriptedImporter) -> (artifact id: 'e053297e73dea613d56452f2566fcaad') in 0.3142522 seconds
Number of updated asset objects reloaded before import = 0Number of asset objects unloaded after import = 3

========================================================================
Received Import Request.
  Time since last request: 0.000044 seconds.
  path: Assets/Artwork/UI/Realm Defence - Fire Turret Button - Normal.png
  artifactKey: Guid(1006767b415d44740b3079ce8ce09a91) Importer(2089858483,192608db42251d675da83286b1cce702)
Start importing Assets/Artwork/UI/Realm Defence - Fire Turret Button - Normal.png using Guid(1006767b415d44740b3079ce8ce09a91) Importer(2089858483,192608db42251d675da83286b1cce702) (ScriptedImporter) -> (artifact id: '3d2fd9aa200b0c3d087a6a7453905643') in 0.2141465 seconds
Number of updated asset objects reloaded before import = 0Number of asset objects unloaded after import = 3

========================================================================
Received Import Request.
  Time since last request: 0.000074 seconds.
  path: Assets/Prefabs/Turrets/Standard Turret.prefab
  artifactKey: Guid(0fabeecabe058844b825ce0fdc6ed719) Importer(2089858483,192608db42251d675da83286b1cce702)
Start importing Assets/Prefabs/Turrets/Standard Turret.prefab using Guid(0fabeecabe058844b825ce0fdc6ed719) Importer(2089858483,192608db42251d675da83286b1cce702) (ScriptedImporter) -> (artifact id: '02c32efe4b7b866bd6afb719b6a6a1d2') in 0.2813482 seconds
Number of updated asset objects reloaded before import = 0Number of asset objects unloaded after import = 27

========================================================================
Received Prepare
Refreshing native plugins compatible for Editor in 5.74 ms, found 4 plugins.
Preloading 0 native plugins for Editor in 0.00 ms.
Unloading 14 Unused Serialized files (Serialized files now loaded: 0)
Unloading 6759 unused Assets / (4.4 MB). Loaded Objects now: 7635.
Memory consumption went from 152.1 MB to 147.7 MB.
Total: 68.309500 ms (FindLiveObjects: 1.757000 ms CreateObjectMapping: 1.920900 ms MarkObjects: 58.961400 ms  DeleteObjects: 5.668700 ms)

Prepare: number of updated asset objects reloaded= 0
========================================================================
Received Prepare
Begin MonoManager ReloadAssembly
[Licensing::Client] Successfully resolved entitlement details
- Loaded All Assemblies, in  3.765 seconds
Refreshing native plugins compatible for Editor in 3.66 ms, found 4 plugins.
Native extension for Android target not found
Native extension for WindowsStandalone target not found
[Package Manager] Failed to launch server process. Reason: Unity was launched with the -noUpm command-line argument
[Package Manager] Unable to send message (not connected to server process).
[Package Manager] Cannot connect to Unity Package Manager local server
Mono: successfully reloaded assembly
- Finished resetting the current domain, in  5.293 seconds
Domain Reload Profiling: 9054ms
	BeginReloadAssembly (921ms)
		ExecutionOrderSort (0ms)
		DisableScriptedObjects (83ms)
		BackupInstance (0ms)
		ReleaseScriptingObjects (0ms)
		CreateAndSetChildDomain (263ms)
	RebuildCommonClasses (193ms)
	RebuildNativeTypeToScriptingClass (66ms)
	initialDomainReloadingComplete (203ms)
	LoadAllAssembliesAndSetupDomain (2377ms)
		LoadAssemblies (1556ms)
		RebuildTransferFunctionScriptingTraits (0ms)
		AnalyzeDomain (1187ms)
			TypeCache.Refresh (24ms)
				TypeCache.ScanAssembly (1ms)
			BuildScriptInfoCaches (1112ms)
			ResolveRequiredComponents (41ms)
	FinalizeReload (5294ms)
		ReleaseScriptCaches (0ms)
		RebuildScriptCaches (0ms)
		SetupLoadedEditorAssemblies (4736ms)
			LogAssemblyErrors (0ms)
			InitializePlatformSupportModulesInManaged (135ms)
			SetLoadedEditorAssemblies (22ms)
			BeforeProcessingInitializeOnLoad (1730ms)
			ProcessInitializeOnLoadAttributes (2567ms)
			ProcessInitializeOnLoadMethodAttributes (268ms)
			AfterProcessingInitializeOnLoad (12ms)
			EditorAssembliesLoaded (1ms)
		ExecutionOrderSort2 (0ms)
		AwakeInstancesAfterBackupRestoration (41ms)
Refreshing native plugins compatible for Editor in 3.82 ms, found 4 plugins.
Preloading 0 native plugins for Editor in 0.00 ms.
Unloading 13 Unused Serialized files (Serialized files now loaded: 0)
Unloading 6769 unused Assets / (4.8 MB). Loaded Objects now: 7534.
Memory consumption went from 150.1 MB to 145.3 MB.
Total: 22.138600 ms (FindLiveObjects: 1.145800 ms CreateObjectMapping: 1.819800 ms MarkObjects: 13.598300 ms  DeleteObjects: 5.573500 ms)

Prepare: number of updated asset objects reloaded= 0
Editor requested this worker to shutdown with reason: Scaling down because of idle timeout
AssetImportWorker is now disconnected from the server
Process exiting
Exiting without the bug reporter. Application will terminate with return code 0